Archive member included to satisfy reference by file (symbol)

C:/ST/STM32CubeIDE_1.18.0/STM32CubeIDE/plugins/com.st.stm32cube.ide.mcu.externaltools.gnu-tools-for-stm32.13.3.rel1.win32_1.0.0.202411081344/tools/bin/../lib/gcc/arm-none-eabi/13.3.1/../../../../arm-none-eabi/lib/thumb/v6-m/nofp\libc_nano.a(libc_a-exit.o)
                              C:/ST/STM32CubeIDE_1.18.0/STM32CubeIDE/plugins/com.st.stm32cube.ide.mcu.externaltools.gnu-tools-for-stm32.13.3.rel1.win32_1.0.0.202411081344/tools/bin/../lib/gcc/arm-none-eabi/13.3.1/../../../../arm-none-eabi/lib/thumb/v6-m/nofp/crt0.o (exit)
C:/ST/STM32CubeIDE_1.18.0/STM32CubeIDE/plugins/com.st.stm32cube.ide.mcu.externaltools.gnu-tools-for-stm32.13.3.rel1.win32_1.0.0.202411081344/tools/bin/../lib/gcc/arm-none-eabi/13.3.1/../../../../arm-none-eabi/lib/thumb/v6-m/nofp\libc_nano.a(libc_a-itoa.o)
                              ./Core/Src/main.o (itoa)
C:/ST/STM32CubeIDE_1.18.0/STM32CubeIDE/plugins/com.st.stm32cube.ide.mcu.externaltools.gnu-tools-for-stm32.13.3.rel1.win32_1.0.0.202411081344/tools/bin/../lib/gcc/arm-none-eabi/13.3.1/../../../../arm-none-eabi/lib/thumb/v6-m/nofp\libc_nano.a(libc_a-utoa.o)
                              C:/ST/STM32CubeIDE_1.18.0/STM32CubeIDE/plugins/com.st.stm32cube.ide.mcu.externaltools.gnu-tools-for-stm32.13.3.rel1.win32_1.0.0.202411081344/tools/bin/../lib/gcc/arm-none-eabi/13.3.1/../../../../arm-none-eabi/lib/thumb/v6-m/nofp\libc_nano.a(libc_a-itoa.o) (__utoa)
C:/ST/STM32CubeIDE_1.18.0/STM32CubeIDE/plugins/com.st.stm32cube.ide.mcu.externaltools.gnu-tools-for-stm32.13.3.rel1.win32_1.0.0.202411081344/tools/bin/../lib/gcc/arm-none-eabi/13.3.1/../../../../arm-none-eabi/lib/thumb/v6-m/nofp\libc_nano.a(libc_a-findfp.o)
                              C:/ST/STM32CubeIDE_1.18.0/STM32CubeIDE/plugins/com.st.stm32cube.ide.mcu.externaltools.gnu-tools-for-stm32.13.3.rel1.win32_1.0.0.202411081344/tools/bin/../lib/gcc/arm-none-eabi/13.3.1/../../../../arm-none-eabi/lib/thumb/v6-m/nofp\libc_nano.a(libc_a-exit.o) (__stdio_exit_handler)
C:/ST/STM32CubeIDE_1.18.0/STM32CubeIDE/plugins/com.st.stm32cube.ide.mcu.externaltools.gnu-tools-for-stm32.13.3.rel1.win32_1.0.0.202411081344/tools/bin/../lib/gcc/arm-none-eabi/13.3.1/../../../../arm-none-eabi/lib/thumb/v6-m/nofp\libc_nano.a(libc_a-fwalk.o)
                              C:/ST/STM32CubeIDE_1.18.0/STM32CubeIDE/plugins/com.st.stm32cube.ide.mcu.externaltools.gnu-tools-for-stm32.13.3.rel1.win32_1.0.0.202411081344/tools/bin/../lib/gcc/arm-none-eabi/13.3.1/../../../../arm-none-eabi/lib/thumb/v6-m/nofp\libc_nano.a(libc_a-findfp.o) (_fwalk_sglue)
C:/ST/STM32CubeIDE_1.18.0/STM32CubeIDE/plugins/com.st.stm32cube.ide.mcu.externaltools.gnu-tools-for-stm32.13.3.rel1.win32_1.0.0.202411081344/tools/bin/../lib/gcc/arm-none-eabi/13.3.1/../../../../arm-none-eabi/lib/thumb/v6-m/nofp\libc_nano.a(libc_a-stdio.o)
                              C:/ST/STM32CubeIDE_1.18.0/STM32CubeIDE/plugins/com.st.stm32cube.ide.mcu.externaltools.gnu-tools-for-stm32.13.3.rel1.win32_1.0.0.202411081344/tools/bin/../lib/gcc/arm-none-eabi/13.3.1/../../../../arm-none-eabi/lib/thumb/v6-m/nofp\libc_nano.a(libc_a-findfp.o) (__sread)
C:/ST/STM32CubeIDE_1.18.0/STM32CubeIDE/plugins/com.st.stm32cube.ide.mcu.externaltools.gnu-tools-for-stm32.13.3.rel1.win32_1.0.0.202411081344/tools/bin/../lib/gcc/arm-none-eabi/13.3.1/../../../../arm-none-eabi/lib/thumb/v6-m/nofp\libc_nano.a(libc_a-memset.o)
                              C:/ST/STM32CubeIDE_1.18.0/STM32CubeIDE/plugins/com.st.stm32cube.ide.mcu.externaltools.gnu-tools-for-stm32.13.3.rel1.win32_1.0.0.202411081344/tools/bin/../lib/gcc/arm-none-eabi/13.3.1/../../../../arm-none-eabi/lib/thumb/v6-m/nofp/crt0.o (memset)
C:/ST/STM32CubeIDE_1.18.0/STM32CubeIDE/plugins/com.st.stm32cube.ide.mcu.externaltools.gnu-tools-for-stm32.13.3.rel1.win32_1.0.0.202411081344/tools/bin/../lib/gcc/arm-none-eabi/13.3.1/../../../../arm-none-eabi/lib/thumb/v6-m/nofp\libc_nano.a(libc_a-strcat.o)
                              ./Core/Src/main.o (strcat)
C:/ST/STM32CubeIDE_1.18.0/STM32CubeIDE/plugins/com.st.stm32cube.ide.mcu.externaltools.gnu-tools-for-stm32.13.3.rel1.win32_1.0.0.202411081344/tools/bin/../lib/gcc/arm-none-eabi/13.3.1/../../../../arm-none-eabi/lib/thumb/v6-m/nofp\libc_nano.a(libc_a-closer.o)
                              C:/ST/STM32CubeIDE_1.18.0/STM32CubeIDE/plugins/com.st.stm32cube.ide.mcu.externaltools.gnu-tools-for-stm32.13.3.rel1.win32_1.0.0.202411081344/tools/bin/../lib/gcc/arm-none-eabi/13.3.1/../../../../arm-none-eabi/lib/thumb/v6-m/nofp\libc_nano.a(libc_a-stdio.o) (_close_r)
C:/ST/STM32CubeIDE_1.18.0/STM32CubeIDE/plugins/com.st.stm32cube.ide.mcu.externaltools.gnu-tools-for-stm32.13.3.rel1.win32_1.0.0.202411081344/tools/bin/../lib/gcc/arm-none-eabi/13.3.1/../../../../arm-none-eabi/lib/thumb/v6-m/nofp\libc_nano.a(libc_a-reent.o)
[...]
Memory Configuration

Name             Origin             Length             Attributes
RAM              0x20000000         0x00003000         xrw
FLASH            0x08000000         0x00008000         xr
*default*        0x00000000         0xffffffff

Linker script and memory map

LOAD C:/ST/STM32CubeIDE_1.18.0/STM32CubeIDE/plugins/com.st.stm32cube.ide.mcu.externaltools.gnu-tools-for-stm32.13.3.rel1.win32_1.0.0.202411081344/tools/bin/../lib/gcc/arm-none-eabi/13.3.1/thumb/v6-m/nofp/crti.o
LOAD C:/ST/STM32CubeIDE_1.18.0/STM32CubeIDE/plugins/com.st.stm32cube.ide.mcu.externaltools.gnu-tools-for-stm32.13.3.rel1.win32_1.0.0.202411081344/tools/bin/../lib/gcc/arm-none-eabi/13.3.1/thumb/v6-m/nofp/crtbegin.o
LOAD C:/ST/STM32CubeIDE_1.18.0/STM32CubeIDE/plugins/com.st.stm32cube.ide.mcu.externaltools.gnu-tools-for-stm32.13.3.rel1.win32_1.0.0.202411081344/tools/bin/../lib/gcc/arm-none-eabi/13.3.1/../../../../arm-none-eabi/lib/thumb/v6-m/nofp/crt0.o
LOAD ./Core/Src/app_freertos.o
LOAD ./Core/Src/main.o
LOAD ./Core/Src/stm32c0xx_hal_msp.o
LOAD ./Core/Src/stm32c0xx_hal_timebase_tim.o
LOAD ./Core/Src/stm32c0xx_it.o
LOAD ./Core/Src/syscalls.o
LOAD ./Core/Src/sysmem.o
LOAD ./Core/Src/system_stm32c0xx.o
LOAD ./Core/Startup/startup_stm32c031c6tx.o
LOAD ./Drivers/BSP/STM32C0xx_Nucleo/stm32c0xx_nucleo.o
LOAD ./Drivers/STM32C0xx_HAL_Driver/Src/stm32c0xx_hal.o
LOAD ./Drivers/STM32C0xx_HAL_Driver/Src/stm32c0xx_hal_cortex.o
LOAD ./Drivers/STM32C0xx_HAL_Driver/Src/stm32c0xx_hal_dma.o
LOAD ./Drivers/STM32C0xx_HAL_Driver/Src/stm32c0xx_hal_dma_ex.o
LOAD ./Drivers/STM32C0xx_HAL_Driver/Src/stm32c0xx_hal_exti.o
LOAD ./Drivers/STM32C0xx_HAL_Driver/Src/stm32c0xx_hal_flash.o
LOAD ./Drivers/STM32C0xx_HAL_Driver/Src/stm32c0xx_hal_flash_ex.o
LOAD ./Drivers/STM32C0xx_HAL_Driver/Src/stm32c0xx_hal_gpio.o
LOAD ./Drivers/STM32C0xx_HAL_Driver/Src/stm32c0xx_hal_pwr.o
LOAD ./Drivers/STM32C0xx_HAL_Driver/Src/stm32c0xx_hal_pwr_ex.o
LOAD ./Drivers/STM32C0xx_HAL_Driver/Src/stm32c0xx_hal_rcc.o
LOAD ./Drivers/STM32C0xx_HAL_Driver/Src/stm32c0xx_hal_rcc_ex.o
LOAD ./Drivers/STM32C0xx_HAL_Driver/Src/stm32c0xx_hal_tim.o
LOAD ./Drivers/STM32C0xx_HAL_Driver/Src/stm32c0xx_hal_tim_ex.o
LOAD ./Drivers/STM32C0xx_HAL_Driver/Src/stm32c0xx_hal_uart.o
LOAD ./Drivers/STM32C0xx_HAL_Driver/Src/stm32c0xx_hal_uart_ex.o
LOAD ./Drivers/STM32C0xx_HAL_Driver/Src/stm32c0xx_hal_usart.o
LOAD ./Drivers/STM32C0xx_HAL_Driver/Src/stm32c0xx_hal_usart_ex.o
LOAD ./Middlewares/Third_Party/FreeRTOS/Source/CMSIS_RTOS_V2/cmsis_os2.o
LOAD ./Middlewares/Third_Party/FreeRTOS/Source/croutine.o
LOAD ./Middlewares/Third_Party/FreeRTOS/Source/event_groups.o
LOAD ./Middlewares/Third_Party/FreeRTOS/Source/list.o
LOAD ./Middlewares/Third_Party/FreeRTOS/Source/queue.o
LOAD ./Middlewares/Third_Party/FreeRTOS/Source/stream_buffer.o
LOAD ./Middlewares/Third_Party/FreeRTOS/Source/tasks.o
LOAD ./Middlewares/Third_Party/FreeRTOS/Source/timers.o
LOAD ./Middlewares/Third_Party/FreeRTOS/Source/portable/GCC/ARM_CM0/port.o
LOAD ./Middlewares/Third_Party/FreeRTOS/Source/portable/MemMang/heap_1.o
START GROUP
LOAD C:/ST/STM32CubeIDE_1.18.0/STM32CubeIDE/plugins/com.st.stm32cube.ide.mcu.externaltools.gnu-tools-for-stm32.13.3.rel1.win32_1.0.0.202411081344/tools/bin/../lib/gcc/arm-none-eabi/13.3.1/../../../../arm-none-eabi/lib/thumb/v6-m/nofp\libc_nano.a
LOAD C:/ST/STM32CubeIDE_1.18.0/STM32CubeIDE/plugins/com.st.stm32cube.ide.mcu.externaltools.gnu-tools-for-stm32.13.3.rel1.win32_1.0.0.202411081344/tools/bin/../lib/gcc/arm-none-eabi/13.3.1/../../../../arm-none-eabi/lib/thumb/v6-m/nofp\libm.a
END GROUP
START GROUP
LOAD C:/ST/STM32CubeIDE_1.18.0/STM32CubeIDE/plugins/com.st.stm32cube.ide.mcu.externaltools.gnu-tools-for-stm32.13.3.rel1.win32_1.0.0.202411081344/tools/bin/../lib/gcc/arm-none-eabi/13.3.1/thumb/v6-m/nofp\libgcc.a
LOAD C:/ST/STM32CubeIDE_1.18.0/STM32CubeIDE/plugins/com.st.stm32cube.ide.mcu.externaltools.gnu-tools-for-stm32.13.3.rel1.win32_1.0.0.202411081344/tools/bin/../lib/gcc/arm-none-eabi/13.3.1/../../../../arm-none-eabi/lib/thumb/v6-m/nofp\libc_nano.a
END GROUP
START GROUP
LOAD C:/ST/STM32CubeIDE_1.18.0/STM32CubeIDE/plugins/com.st.stm32cube.ide.mcu.externaltools.gnu-tools-for-stm32.13.3.rel1.win32_1.0.0.202411081344/tools/bin/../lib/gcc/arm-none-eabi/13.3.1/thumb/v6-m/nofp\libgcc.a
LOAD C:/ST/STM32CubeIDE_1.18.0/STM32CubeIDE/plugins/com.st.stm32cube.ide.mcu.externaltools.gnu-tools-for-stm32.13.3.rel1.win32_1.0.0.202411081344/tools/bin/../lib/gcc/arm-none-eabi/13.3.1/../../../../arm-none-eabi/lib/thumb/v6-m/nofp\libc_nano.a
LOAD C:/ST/STM32CubeIDE_1.18.0/STM32CubeIDE/plugins/com.st.stm32cube.ide.mcu.externaltools.gnu-tools-for-stm32.13.3.rel1.win32_1.0.0.202411081344/tools/bin/../lib/gcc/arm-none-eabi/13.3.1/../../../../arm-none-eabi/lib/thumb/v6-m/nofp\libnosys.a
END GROUP
START GROUP
LOAD C:/ST/STM32CubeIDE_1.18.0/STM32CubeIDE/plugins/com.st.stm32cube.ide.mcu.externaltools.gnu-tools-for-stm32.13.3.rel1.win32_1.0.0.202411081344/tools/bin/../lib/gcc/arm-none-eabi/13.3.1/thumb/v6-m/nofp\libgcc.a
LOAD C:/ST/STM32CubeIDE_1.18.0/STM32CubeIDE/plugins/com.st.stm32cube.ide.mcu.externaltools.gnu-tools-for-stm32.13.3.rel1.win32_1.0.0.202411081344/tools/bin/../lib/gcc/arm-none-eabi/13.3.1/../../../../arm-none-eabi/lib/thumb/v6-m/nofp\libc_nano.a
LOAD C:/ST/STM32CubeIDE_1.18.0/STM32CubeIDE/plugins/com.st.stm32cube.ide.mcu.externaltools.gnu-tools-for-stm32.13.3.rel1.win32_1.0.0.202411081344/tools/bin/../lib/gcc/arm-none-eabi/13.3.1/../../../../arm-none-eabi/lib/thumb/v6-m/nofp\libnosys.a
END GROUP
LOAD C:/ST/STM32CubeIDE_1.18.0/STM32CubeIDE/plugins/com.st.stm32cube.ide.mcu.externaltools.gnu-tools-for-stm32.13.3.rel1.win32_1.0.0.202411081344/tools/bin/../lib/gcc/arm-none-eabi/13.3.1/thumb/v6-m/nofp/crtend.o
LOAD C:/ST/STM32CubeIDE_1.18.0/STM32CubeIDE/plugins/com.st.stm32cube.ide.mcu.externaltools.gnu-tools-for-stm32.13.3.rel1.win32_1.0.0.202411081344/tools/bin/../lib/gcc/arm-none-eabi/13.3.1/thumb/v6-m/nofp/crtn.o
                0x20003000                        _estack = (ORIGIN (RAM) + LENGTH (RAM))
                0x00000200                        _Min_Heap_Size = 0x200
                0x00000400                        _Min_Stack_Size = 0x400

.isr_vector     0x08000000       0xc0
                0x08000000                        . = ALIGN (0x4)
 *(.isr_vector)
 .isr_vector    0x08000000       0xc0 ./Core/Startup/startup_stm32c031c6tx.o
                0x08000000                g_pfnVectors
                0x080000c0                        . = ALIGN (0x4)

.text           0x080000c0     0x4864
                0x080000c0                        . = ALIGN (0x4)
 *(.text)
 .text          0x080000c0       0x48 C:/ST/STM32CubeIDE_1.18.0/STM32CubeIDE/plugins/com.st.stm32cube.ide.mcu.externaltools.gnu-tools-for-stm32.13.3.rel1.win32_1.0.0.202411081344/tools/bin/../lib/gcc/arm-none-eabi/13.3.1/thumb/v6-m/nofp/crtbegin.o
 .text          0x08000108        0xe C:/ST/STM32CubeIDE_1.18.0/STM32CubeIDE/plugins/com.st.stm32cube.ide.mcu.externaltools.gnu-tools-for-stm32.13.3.rel1.win32_1.0.0.202411081344/tools/bin/../lib/gcc/arm-none-eabi/13.3.1/../../../../arm-none-eabi/lib/thumb/v6-m/nofp\libc_nano.a(libc_a-strlen.o)
                0x08000108                strlen
 *fill*         0x08000116        0x2 
 .text          0x08000118       0x14 C:/ST/STM32CubeIDE_1.18.0/STM32CubeIDE/plugins/com.st.stm32cube.ide.mcu.externaltools.gnu-tools-for-stm32.13.3.rel1.win32_1.0.0.202411081344/tools/bin/../lib/gcc/arm-none-eabi/13.3.1/thumb/v6-m/nofp\libgcc.a(_thumb1_case_uqi.o)
                0x08000118                __gnu_thumb1_case_uqi
 .text          0x0800012c      0x114 C:/ST/STM32CubeIDE_1.18.0/STM32CubeIDE/plugins/com.st.stm32cube.ide.mcu.externaltools.gnu-tools-for-stm32.13.3.rel1.win32_1.0.0.202411081344/tools/bin/../lib/gcc/arm-none-eabi/13.3.1/thumb/v6-m/nofp\libgcc.a(_udivsi3.o)
                0x0800012c                __aeabi_uidiv
                0x0800012c                __udivsi3
                0x08000238                __aeabi_uidivmod
 .text          0x08000240        0x4 C:/ST/STM32CubeIDE_1.18.0/STM32CubeIDE/plugins/com.st.stm32cube.ide.mcu.externaltools.gnu-tools-for-stm32.13.3.rel1.win32_1.0.0.202411081344/tools/bin/../lib/gcc/arm-none-eabi/13.3.1/thumb/v6-m/nofp\libgcc.a(_dvmd_tls.o)
                0x08000240                __aeabi_idiv0
                0x08000240                __aeabi_ldiv0
 *(.text*)
 .text.StartDefaultTask
                0x08000244        0xa ./Core/Src/app_freertos.o
                0x08000244                StartDefaultTask
 *fill*         0x0800024e        0x2 
 .text.MX_FREERTOS_Init
                0x08000250       0x20 ./Core/Src/app_freertos.o
                0x08000250                MX_FREERTOS_Init
 .text.RPM_Task
                0x08000270       0x94 ./Core/Src/main.o
                0x08000270                RPM_Task
 .text.Command_Task
                0x08000304       0xa4 ./Core/Src/main.o
                0x08000304                Command_Task
 .text.HAL_TIM_IC_CaptureCallback
                0x080003a8       0x38 ./Core/Src/main.o
                0x080003a8                HAL_TIM_IC_CaptureCallback
 .text.HAL_UART_RxCpltCallback
                0x080003e0       0x50 ./Core/Src/main.o
                0x080003e0                HAL_UART_RxCpltCallback
 .text.SystemClock_Config
                0x08000430       0x54 ./Core/Src/main.o
                0x08000430                SystemClock_Config
 .text.startup.main
                0x08000484      0x240 ./Core/Src/main.o
                0x08000484                main
 .text.HAL_TIM_PeriodElapsedCallback
                0x080006c4       0x14 ./Core/Src/main.o
                0x080006c4                HAL_TIM_PeriodElapsedCallback
 .text.HAL_MspInit
                0x080006d8       0x38 ./Core/Src/stm32c0xx_hal_msp.o
                0x080006d8                HAL_MspInit
 .text.HAL_TIM_IC_MspInit
                0x08000710       0x6c ./Core/Src/stm32c0xx_hal_msp.o
                0x08000710                HAL_TIM_IC_MspInit
 .text.HAL_TIM_PWM_MspInit
                0x0800077c       0x28 ./Core/Src/stm32c0xx_hal_msp.o
                0x0800077c                HAL_TIM_PWM_MspInit
 .text.HAL_TIM_MspPostInit
                0x080007a4       0x4c ./Core/Src/stm32c0xx_hal_msp.o
                0x080007a4                HAL_TIM_MspPostInit
 .text.HAL_UART_MspInit
                0x080007f0       0x6c ./Core/Src/stm32c0xx_hal_msp.o
                0x080007f0                HAL_UART_MspInit
 .text.HAL_InitTick
                0x0800085c       0x88 ./Core/Src/stm32c0xx_hal_timebase_tim.o
                0x0800085c                HAL_InitTick
 .text.NMI_Handler
                0x080008e4        0x2 ./Core/Src/stm32c0xx_it.o
                0x080008e4                NMI_Handler
 .text.HardFault_Handler
                0x080008e6        0x2 ./Core/Src/stm32c0xx_it.o
                0x080008e6                HardFault_Handler
 .text.EXTI4_15_IRQHandler
                0x080008e8        0xa ./Core/Src/stm32c0xx_it.o
                0x080008e8                EXTI4_15_IRQHandler
 *fill*         0x080008f2        0x2 
 .text.TIM1_CC_IRQHandler
                0x080008f4       0x10 ./Core/Src/stm32c0xx_it.o
                0x080008f4                TIM1_CC_IRQHandler
 .text.TIM14_IRQHandler
                0x08000904       0x10 ./Core/Src/stm32c0xx_it.o
                0x08000904                TIM14_IRQHandler
 .text.USART2_IRQHandler
                0x08000914       0x10 ./Core/Src/stm32c0xx_it.o
                0x08000914                USART2_IRQHandler
 .text.SystemInit
                0x08000924       0x10 ./Core/Src/system_stm32c0xx.o
                0x08000924                SystemInit
 .text.Reset_Handler
                0x08000934       0x50 ./Core/Startup/startup_stm32c031c6tx.o
                0x08000934                Reset_Handler
 .text.Default_Handler
                0x08000984        0x2 ./Core/Startup/startup_stm32c031c6tx.o
                0x08000984                I2C1_IRQHandler
                0x08000984                DMAMUX1_IRQHandler
                0x08000984                SPI1_IRQHandler
                0x08000984                EXTI2_3_IRQHandler
                0x08000984                ADC1_IRQHandler
                0x08000984                TIM17_IRQHandler
                0x08000984                RTC_IRQHandler
                0x08000984                TIM16_IRQHandler
                0x08000984                TIM3_IRQHandler
                0x08000984                RCC_IRQHandler
                0x08000984                DMA1_Channel1_IRQHandler
                0x08000984                Default_Handler
                0x08000984                EXTI0_1_IRQHandler
                0x08000984                WWDG_IRQHandler
                0x08000984                DMA1_Channel2_3_IRQHandler
                0x08000984                FLASH_IRQHandler
                0x08000984                USART1_IRQHandler
                0x08000984                TIM1_BRK_UP_TRG_COM_IRQHandler
 *fill*         0x08000986        0x2 
 .text.BSP_LED_Init
                0x08000988       0x7c ./Drivers/BSP/STM32C0xx_Nucleo/stm32c0xx_nucleo.o
                0x08000988                BSP_LED_Init
 .text.BSP_LED_On
                0x08000a04       0x30 ./Drivers/BSP/STM32C0xx_Nucleo/stm32c0xx_nucleo.o
                0x08000a04                BSP_LED_On
 .text.BSP_LED_Off
                0x08000a34       0x30 ./Drivers/BSP/STM32C0xx_Nucleo/stm32c0xx_nucleo.o
                0x08000a34                BSP_LED_Off
 .text.BSP_LED_Toggle
                0x08000a64       0x28 ./Drivers/BSP/STM32C0xx_Nucleo/stm32c0xx_nucleo.o
                0x08000a64                BSP_LED_Toggle
 .text.BSP_PB_Init
                0x08000a8c       0x8c ./Drivers/BSP/STM32C0xx_Nucleo/stm32c0xx_nucleo.o
                0x08000a8c                BSP_PB_Init
 .text.BSP_PB_IRQHandler
                0x08000b18       0x14 ./Drivers/BSP/STM32C0xx_Nucleo/stm32c0xx_nucleo.o
                0x08000b18                BSP_PB_IRQHandler
 .text.BSP_PB_Callback
                0x08000b2c        0x2 ./Drivers/BSP/STM32C0xx_Nucleo/stm32c0xx_nucleo.o
                0x08000b2c                BSP_PB_Callback
 .text.BUTTON_USER_EXTI_Callback
                0x08000b2e        0xa ./Drivers/BSP/STM32C0xx_Nucleo/stm32c0xx_nucleo.o
 .text.HAL_Init
                0x08000b38       0x18 ./Drivers/STM32C0xx_HAL_Driver/Src/stm32c0xx_hal.o
                0x08000b38                HAL_Init
 .text.HAL_IncTick
                0x08000b50       0x18 ./Drivers/STM32C0xx_HAL_Driver/Src/stm32c0xx_hal.o
                0x08000b50                HAL_IncTick
 .text.HAL_GetTick
                0x08000b68        0xc ./Drivers/STM32C0xx_HAL_Driver/Src/stm32c0xx_hal.o
                0x08000b68                HAL_GetTick
 .text.HAL_NVIC_SetPriority
                0x08000b74       0x54 ./Drivers/STM32C0xx_HAL_Driver/Src/stm32c0xx_hal_cortex.o
                0x08000b74                HAL_NVIC_SetPriority
 .text.HAL_NVIC_EnableIRQ
                0x08000bc8       0x18 ./Drivers/STM32C0xx_HAL_Driver/Src/stm32c0xx_hal_cortex.o
                0x08000bc8                HAL_NVIC_EnableIRQ
 .text.HAL_DMA_Abort
                0x08000be0       0x74 ./Drivers/STM32C0xx_HAL_Driver/Src/stm32c0xx_hal_dma.o
                0x08000be0                HAL_DMA_Abort
 .text.HAL_DMA_Abort_IT
                0x08000c54       0x7c ./Drivers/STM32C0xx_HAL_Driver/Src/stm32c0xx_hal_dma.o
                0x08000c54                HAL_DMA_Abort_IT
 .text.HAL_EXTI_RegisterCallback
                0x08000cd0       0x1c ./Drivers/STM32C0xx_HAL_Driver/Src/stm32c0xx_hal_exti.o
                0x08000cd0                HAL_EXTI_RegisterCallback
 .text.HAL_EXTI_GetHandle
                0x08000cec        0xe ./Drivers/STM32C0xx_HAL_Driver/Src/stm32c0xx_hal_exti.o
                0x08000cec                HAL_EXTI_GetHandle
 *fill*         0x08000cfa        0x2 
 .text.HAL_EXTI_IRQHandler
                0x08000cfc       0x48 ./Drivers/STM32C0xx_HAL_Driver/Src/stm32c0xx_hal_exti.o
                0x08000cfc                HAL_EXTI_IRQHandler
 .text.HAL_GPIO_Init
                0x08000d44      0x174 ./Drivers/STM32C0xx_HAL_Driver/Src/stm32c0xx_hal_gpio.o
                0x08000d44                HAL_GPIO_Init
 .text.HAL_GPIO_WritePin
                0x08000eb8        0xc ./Drivers/STM32C0xx_HAL_Driver/Src/stm32c0xx_hal_gpio.o
                0x08000eb8                HAL_GPIO_WritePin
 .text.HAL_GPIO_TogglePin
                0x08000ec4       0x10 ./Drivers/STM32C0xx_HAL_Driver/Src/stm32c0xx_hal_gpio.o
                0x08000ec4                HAL_GPIO_TogglePin
 .text.HAL_RCC_OscConfig
                0x08000ed4      0x26c ./Drivers/STM32C0xx_HAL_Driver/Src/stm32c0xx_hal_rcc.o
                0x08000ed4                HAL_RCC_OscConfig
 .text.HAL_RCC_GetSysClockFreq
                0x08001140       0x48 ./Drivers/STM32C0xx_HAL_Driver/Src/stm32c0xx_hal_rcc.o
                0x08001140                HAL_RCC_GetSysClockFreq
 .text.HAL_RCC_ClockConfig
                0x08001188      0x158 ./Drivers/STM32C0xx_HAL_Driver/Src/stm32c0xx_hal_rcc.o
                0x08001188                HAL_RCC_ClockConfig
 .text.HAL_RCC_GetHCLKFreq
                0x080012e0       0x2c ./Drivers/STM32C0xx_HAL_Driver/Src/stm32c0xx_hal_rcc.o
                0x080012e0                HAL_RCC_GetHCLKFreq
 .text.HAL_RCC_GetPCLK1Freq
                0x0800130c       0x24 ./Drivers/STM32C0xx_HAL_Driver/Src/stm32c0xx_hal_rcc.o
                0x0800130c                HAL_RCC_GetPCLK1Freq
 .text.HAL_RCC_GetClockConfig
                0x08001330       0x38 ./Drivers/STM32C0xx_HAL_Driver/Src/stm32c0xx_hal_rcc.o
                0x08001330                HAL_RCC_GetClockConfig
 .text.TIM_OC1_SetConfig
                0x08001368       0x6c ./Drivers/STM32C0xx_HAL_Driver/Src/stm32c0xx_hal_tim.o
 .text.TIM_OC3_SetConfig
                0x080013d4       0x84 ./Drivers/STM32C0xx_HAL_Driver/Src/stm32c0xx_hal_tim.o
 .text.TIM_OC4_SetConfig
                0x08001458       0x68 ./Drivers/STM32C0xx_HAL_Driver/Src/stm32c0xx_hal_tim.o
 .text.TIM_OC5_SetConfig
                0x080014c0       0x60 ./Drivers/STM32C0xx_HAL_Driver/Src/stm32c0xx_hal_tim.o
 .text.TIM_OC6_SetConfig
                0x08001520       0x68 ./Drivers/STM32C0xx_HAL_Driver/Src/stm32c0xx_hal_tim.o
 .text.HAL_TIM_Base_MspInit
                0x08001588        0x2 ./Drivers/STM32C0xx_HAL_Driver/Src/stm32c0xx_hal_tim.o
                0x08001588                HAL_TIM_Base_MspInit
 *fill*         0x0800158a        0x2 
 .text.HAL_TIM_Base_Start_IT
                0x0800158c       0x58 ./Drivers/STM32C0xx_HAL_Driver/Src/stm32c0xx_hal_tim.o
                0x0800158c                HAL_TIM_Base_Start_IT
 .text.HAL_TIM_OC_DelayElapsedCallback
                0x080015e4        0x2 ./Drivers/STM32C0xx_HAL_Driver/Src/stm32c0xx_hal_tim.o
                0x080015e4                HAL_TIM_OC_DelayElapsedCallback
 .text.HAL_TIM_PWM_PulseFinishedCallback
                0x080015e6        0x2 ./Drivers/STM32C0xx_HAL_Driver/Src/stm32c0xx_hal_tim.o
                0x080015e6                HAL_TIM_PWM_PulseFinishedCallback
 .text.HAL_TIM_TriggerCallback
                0x080015e8        0x2 ./Drivers/STM32C0xx_HAL_Driver/Src/stm32c0xx_hal_tim.o
                0x080015e8                HAL_TIM_TriggerCallback
 *fill*         0x080015ea        0x2 
 .text.HAL_TIM_IRQHandler
                0x080015ec      0x158 ./Drivers/STM32C0xx_HAL_Driver/Src/stm32c0xx_hal_tim.o
                0x080015ec                HAL_TIM_IRQHandler
 .text.TIM_Base_SetConfig
                0x08001744       0x84 ./Drivers/STM32C0xx_HAL_Driver/Src/stm32c0xx_hal_tim.o
                0x08001744                TIM_Base_SetConfig
 .text.HAL_TIM_Base_Init
                0x080017c8       0x54 ./Drivers/STM32C0xx_HAL_Driver/Src/stm32c0xx_hal_tim.o
                0x080017c8                HAL_TIM_Base_Init
 .text.HAL_TIM_PWM_Init
                0x0800181c       0x54 ./Drivers/STM32C0xx_HAL_Driver/Src/stm32c0xx_hal_tim.o
                0x0800181c                HAL_TIM_PWM_Init
 .text.HAL_TIM_IC_Init
                0x08001870       0x54 ./Drivers/STM32C0xx_HAL_Driver/Src/stm32c0xx_hal_tim.o
                0x08001870                HAL_TIM_IC_Init
 .text.TIM_OC2_SetConfig
                0x080018c4       0x78 ./Drivers/STM32C0xx_HAL_Driver/Src/stm32c0xx_hal_tim.o
                0x080018c4                TIM_OC2_SetConfig
 .text.HAL_TIM_PWM_ConfigChannel
                0x0800193c      0x10c ./Drivers/STM32C0xx_HAL_Driver/Src/stm32c0xx_hal_tim.o
                0x0800193c                HAL_TIM_PWM_ConfigChannel
 .text.TIM_TI1_SetConfig
                0x08001a48       0x48 ./Drivers/STM32C0xx_HAL_Driver/Src/stm32c0xx_hal_tim.o
                0x08001a48                TIM_TI1_SetConfig
 .text.HAL_TIM_IC_ConfigChannel
                0x08001a90      0x154 ./Drivers/STM32C0xx_HAL_Driver/Src/stm32c0xx_hal_tim.o
                0x08001a90                HAL_TIM_IC_ConfigChannel
 .text.TIM_CCxChannelCmd
                0x08001be4       0x1a ./Drivers/STM32C0xx_HAL_Driver/Src/stm32c0xx_hal_tim.o
                0x08001be4                TIM_CCxChannelCmd
 *fill*         0x08001bfe        0x2 
 .text.HAL_TIM_IC_Start_IT
                0x08001c00      0x110 ./Drivers/STM32C0xx_HAL_Driver/Src/stm32c0xx_hal_tim.o
                0x08001c00                HAL_TIM_IC_Start_IT
 .text.HAL_TIM_IC_Stop_IT
                0x08001d10       0x98 ./Drivers/STM32C0xx_HAL_Driver/Src/stm32c0xx_hal_tim.o
                0x08001d10                HAL_TIM_IC_Stop_IT
 .text.HAL_TIMEx_MasterConfigSynchronization
                0x08001da8       0x60 ./Drivers/STM32C0xx_HAL_Driver/Src/stm32c0xx_hal_tim_ex.o
                0x08001da8                HAL_TIMEx_MasterConfigSynchronization
 .text.HAL_TIMEx_CommutCallback
                0x08001e08        0x2 ./Drivers/STM32C0xx_HAL_Driver/Src/stm32c0xx_hal_tim_ex.o
                0x08001e08                HAL_TIMEx_CommutCallback
 .text.HAL_TIMEx_BreakCallback
                0x08001e0a        0x2 ./Drivers/STM32C0xx_HAL_Driver/Src/stm32c0xx_hal_tim_ex.o
                0x08001e0a                HAL_TIMEx_BreakCallback
 .text.HAL_TIMEx_Break2Callback
                0x08001e0c        0x2 ./Drivers/STM32C0xx_HAL_Driver/Src/stm32c0xx_hal_tim_ex.o
                0x08001e0c                HAL_TIMEx_Break2Callback
 *fill*         0x08001e0e        0x2 
 .text.UART_EndRxTransfer
                0x08001e10       0x64 ./Drivers/STM32C0xx_HAL_Driver/Src/stm32c0xx_hal_uart.o
 .text.HAL_UART_TxCpltCallback
                0x08001e74        0x2 ./Drivers/STM32C0xx_HAL_Driver/Src/stm32c0xx_hal_uart.o
                0x08001e74                HAL_UART_TxCpltCallback
 .text.HAL_UART_ErrorCallback
                0x08001e76        0x2 ./Drivers/STM32C0xx_HAL_Driver/Src/stm32c0xx_hal_uart.o
                0x08001e76                HAL_UART_ErrorCallback
 .text.UART_DMAAbortOnError
                0x08001e78       0x12 ./Drivers/STM32C0xx_HAL_Driver/Src/stm32c0xx_hal_uart.o
 .text.HAL_UARTEx_RxEventCallback
                0x08001e8a        0x2 ./Drivers/STM32C0xx_HAL_Driver/Src/stm32c0xx_hal_uart.o
                0x08001e8a                HAL_UARTEx_RxEventCallback
 .text.HAL_UART_IRQHandler
                0x08001e8c      0x344 ./Drivers/STM32C0xx_HAL_Driver/Src/stm32c0xx_hal_uart.o
                0x08001e8c                HAL_UART_IRQHandler
 .text.UART_RxISR_8BIT
                0x080021d0       0xd8 ./Drivers/STM32C0xx_HAL_Driver/Src/stm32c0xx_hal_uart.o
 .text.UART_RxISR_16BIT
                0x080022a8       0xd4 ./Drivers/STM32C0xx_HAL_Driver/Src/stm32c0xx_hal_uart.o
 .text.UART_RxISR_8BIT_FIFOEN
                0x0800237c      0x1cc ./Drivers/STM32C0xx_HAL_Driver/Src/stm32c0xx_hal_uart.o
 .text.UART_RxISR_16BIT_FIFOEN
                0x08002548      0x1c8 ./Drivers/STM32C0xx_HAL_Driver/Src/stm32c0xx_hal_uart.o
 .text.UART_SetConfig
                0x08002710      0x184 ./Drivers/STM32C0xx_HAL_Driver/Src/stm32c0xx_hal_uart.o
                0x08002710                UART_SetConfig
 .text.UART_AdvFeatureConfig
                0x08002894       0xd0 ./Drivers/STM32C0xx_HAL_Driver/Src/stm32c0xx_hal_uart.o
                0x08002894                UART_AdvFeatureConfig
 .text.UART_WaitOnFlagUntilTimeout
                0x08002964       0x92 ./Drivers/STM32C0xx_HAL_Driver/Src/stm32c0xx_hal_uart.o
                0x08002964                UART_WaitOnFlagUntilTimeout
 .text.HAL_UART_Transmit
                0x080029f6       0xd4 ./Drivers/STM32C0xx_HAL_Driver/Src/stm32c0xx_hal_uart.o
                0x080029f6                HAL_UART_Transmit
 *fill*         0x08002aca        0x2 
 .text.UART_CheckIdleState
                0x08002acc       0xc8 ./Drivers/STM32C0xx_HAL_Driver/Src/stm32c0xx_hal_uart.o
                0x08002acc                UART_CheckIdleState
 .text.HAL_UART_Init
                0x08002b94       0x68 ./Drivers/STM32C0xx_HAL_Driver/Src/stm32c0xx_hal_uart.o
                0x08002b94                HAL_UART_Init
 .text.UART_Start_Receive_IT
                0x08002bfc      0x134 ./Drivers/STM32C0xx_HAL_Driver/Src/stm32c0xx_hal_uart.o
                0x08002bfc                UART_Start_Receive_IT
 .text.HAL_UART_Receive_IT
                0x08002d30       0x5c ./Drivers/STM32C0xx_HAL_Driver/Src/stm32c0xx_hal_uart.o
                0x08002d30                HAL_UART_Receive_IT
 .text.HAL_UARTEx_WakeupCallback
                0x08002d8c        0x2 ./Drivers/STM32C0xx_HAL_Driver/Src/stm32c0xx_hal_uart_ex.o
                0x08002d8c                HAL_UARTEx_WakeupCallback
 .text.HAL_UARTEx_RxFifoFullCallback
                0x08002d8e        0x2 ./Drivers/STM32C0xx_HAL_Driver/Src/stm32c0xx_hal_uart_ex.o
                0x08002d8e                HAL_UARTEx_RxFifoFullCallback
 .text.HAL_UARTEx_TxFifoEmptyCallback
                0x08002d90        0x2 ./Drivers/STM32C0xx_HAL_Driver/Src/stm32c0xx_hal_uart_ex.o
                0x08002d90                HAL_UARTEx_TxFifoEmptyCallback
 .text.IRQ_Context
                0x08002d92       0x22 ./Middlewares/Third_Party/FreeRTOS/Source/CMSIS_RTOS_V2/cmsis_os2.o
 .text.SysTick_Handler
                0x08002db4       0x18 ./Middlewares/Third_Party/FreeRTOS/Source/CMSIS_RTOS_V2/cmsis_os2.o
                0x08002db4                SysTick_Handler
 .text.osKernelInitialize
                0x08002dcc       0x30 ./Middlewares/Third_Party/FreeRTOS/Source/CMSIS_RTOS_V2/cmsis_os2.o
                0x08002dcc                osKernelInitialize
 .text.osKernelStart
                0x08002dfc       0x44 ./Middlewares/Third_Party/FreeRTOS/Source/CMSIS_RTOS_V2/cmsis_os2.o
                0x08002dfc                osKernelStart
 .text.osKernelGetTickCount
                0x08002e40       0x16 ./Middlewares/Third_Party/FreeRTOS/Source/CMSIS_RTOS_V2/cmsis_os2.o
                0x08002e40                osKernelGetTickCount
 .text.osThreadNew
                0x08002e56       0xa0 ./Middlewares/Third_Party/FreeRTOS/Source/CMSIS_RTOS_V2/cmsis_os2.o
                0x08002e56                osThreadNew
 .text.osThreadSuspend
                0x08002ef6       0x24 ./Middlewares/Third_Party/FreeRTOS/Source/CMSIS_RTOS_V2/cmsis_os2.o
                0x08002ef6                osThreadSuspend
 .text.osThreadResume
                0x08002f1a       0x24 ./Middlewares/Third_Party/FreeRTOS/Source/CMSIS_RTOS_V2/cmsis_os2.o
                0x08002f1a                osThreadResume
 .text.osDelay  0x08002f3e       0x20 ./Middlewares/Third_Party/FreeRTOS/Source/CMSIS_RTOS_V2/cmsis_os2.o
                0x08002f3e                osDelay
 .text.osSemaphoreGetCount
                0x08002f5e       0x22 ./Middlewares/Third_Party/FreeRTOS/Source/CMSIS_RTOS_V2/cmsis_os2.o
                0x08002f5e                osSemaphoreGetCount
 .text.osMessageQueueNew
                0x08002f80       0x7e ./Middlewares/Third_Party/FreeRTOS/Source/CMSIS_RTOS_V2/cmsis_os2.o
                0x08002f80                osMessageQueueNew
 *fill*         0x08002ffe        0x2 
 .text.osMessageQueuePut
                0x08003000       0x70 ./Middlewares/Third_Party/FreeRTOS/Source/CMSIS_RTOS_V2/cmsis_os2.o
                0x08003000                osMessageQueuePut
 .text.osMessageQueueGet
                0x08003070       0x6c ./Middlewares/Third_Party/FreeRTOS/Source/CMSIS_RTOS_V2/cmsis_os2.o
                0x08003070                osMessageQueueGet
 .text.osMessageQueueGetCount
                0x080030dc        0x8 ./Middlewares/Third_Party/FreeRTOS/Source/CMSIS_RTOS_V2/cmsis_os2.o
                0x080030dc                osMessageQueueGetCount
 .text.osMessageQueueReset
                0x080030e4       0x26 ./Middlewares/Third_Party/FreeRTOS/Source/CMSIS_RTOS_V2/cmsis_os2.o
                0x080030e4                osMessageQueueReset
 *fill*         0x0800310a        0x2 
 .text.vApplicationGetIdleTaskMemory
                0x0800310c       0x18 ./Middlewares/Third_Party/FreeRTOS/Source/CMSIS_RTOS_V2/cmsis_os2.o
                0x0800310c                vApplicationGetIdleTaskMemory
 .text.vApplicationGetTimerTaskMemory
                0x08003124       0x18 ./Middlewares/Third_Party/FreeRTOS/Source/CMSIS_RTOS_V2/cmsis_os2.o
                0x08003124                vApplicationGetTimerTaskMemory
 .text.vListInitialise
                0x0800313c       0x16 ./Middlewares/Third_Party/FreeRTOS/Source/list.o
                0x0800313c                vListInitialise
 .text.vListInitialiseItem
                0x08003152        0x6 ./Middlewares/Third_Party/FreeRTOS/Source/list.o
                0x08003152                vListInitialiseItem
 .text.vListInsertEnd
                0x08003158       0x16 ./Middlewares/Third_Party/FreeRTOS/Source/list.o
                0x08003158                vListInsertEnd
 .text.vListInsert
                0x0800316e       0x2e ./Middlewares/Third_Party/FreeRTOS/Source/list.o
                0x0800316e                vListInsert
 .text.uxListRemove
                0x0800319c       0x20 ./Middlewares/Third_Party/FreeRTOS/Source/list.o
                0x0800319c                uxListRemove
 .text.prvIsQueueEmpty
                0x080031bc       0x14 ./Middlewares/Third_Party/FreeRTOS/Source/queue.o
 .text.prvCopyDataToQueue
                0x080031d0       0x70 ./Middlewares/Third_Party/FreeRTOS/Source/queue.o
 .text.prvCopyDataFromQueue
                0x08003240       0x24 ./Middlewares/Third_Party/FreeRTOS/Source/queue.o
 .text.prvUnlockQueue
                0x08003264       0x6a ./Middlewares/Third_Party/FreeRTOS/Source/queue.o
 .text.xQueueGenericReset
                0x080032ce       0xa0 ./Middlewares/Third_Party/FreeRTOS/Source/queue.o
                0x080032ce                xQueueGenericReset
 .text.xQueueGenericCreateStatic
                0x0800336e       0x5a ./Middlewares/Third_Party/FreeRTOS/Source/queue.o
                0x0800336e                xQueueGenericCreateStatic
 .text.xQueueGenericCreate
                0x080033c8       0x78 ./Middlewares/Third_Party/FreeRTOS/Source/queue.o
                0x080033c8                xQueueGenericCreate
 .text.xQueueGenericSend
                0x08003440      0x11e ./Middlewares/Third_Party/FreeRTOS/Source/queue.o
                0x08003440                xQueueGenericSend
 .text.xQueueGenericSendFromISR
                0x0800355e       0xa2 ./Middlewares/Third_Party/FreeRTOS/Source/queue.o
                0x0800355e                xQueueGenericSendFromISR
 .text.xQueueReceive
                0x08003600      0x10a ./Middlewares/Third_Party/FreeRTOS/Source/queue.o
                0x08003600                xQueueReceive
 .text.xQueueReceiveFromISR
                0x0800370a       0x8a ./Middlewares/Third_Party/FreeRTOS/Source/queue.o
                0x0800370a                xQueueReceiveFromISR
 .text.uxQueueMessagesWaiting
                0x08003794       0x18 ./Middlewares/Third_Party/FreeRTOS/Source/queue.o
                0x08003794                uxQueueMessagesWaiting
 .text.uxQueueMessagesWaitingFromISR
                0x080037ac        0xc ./Middlewares/Third_Party/FreeRTOS/Source/queue.o
                0x080037ac                uxQueueMessagesWaitingFromISR
 .text.vQueueAddToRegistry
                0x080037b8       0x44 ./Middlewares/Third_Party/FreeRTOS/Source/queue.o
                0x080037b8                vQueueAddToRegistry
 .text.vQueueWaitForMessageRestricted
                0x080037fc       0x4a ./Middlewares/Third_Party/FreeRTOS/Source/queue.o
                0x080037fc                vQueueWaitForMessageRestricted
 *fill*         0x08003846        0x2 
 .text.prvAddNewTaskToReadyList
                0x08003848       0xf8 ./Middlewares/Third_Party/FreeRTOS/Source/tasks.o
 .text.prvAddCurrentTaskToDelayedList
                0x08003940       0x8c ./Middlewares/Third_Party/FreeRTOS/Source/tasks.o
 .text.prvResetNextTaskUnblockTime
                0x080039cc       0x24 ./Middlewares/Third_Party/FreeRTOS/Source/tasks.o
 .text.prvDeleteTCB
                0x080039f0       0x28 ./Middlewares/Third_Party/FreeRTOS/Source/tasks.o
 .text.prvIdleTask
                0x08003a18       0x54 ./Middlewares/Third_Party/FreeRTOS/Source/tasks.o
 .text.prvInitialiseNewTask.constprop.0
                0x08003a6c       0x7e ./Middlewares/Third_Party/FreeRTOS/Source/tasks.o
 .text.xTaskCreateStatic
                0x08003aea       0x66 ./Middlewares/Third_Party/FreeRTOS/Source/tasks.o
                0x08003aea                xTaskCreateStatic
 .text.xTaskCreate
                0x08003b50       0x5a ./Middlewares/Third_Party/FreeRTOS/Source/tasks.o
                0x08003b50                xTaskCreate
 *fill*         0x08003baa        0x2 
 .text.vTaskResume
                0x08003bac       0x84 ./Middlewares/Third_Party/FreeRTOS/Source/tasks.o
                0x08003bac                vTaskResume
 .text.vTaskStartScheduler
                0x08003c30       0x74 ./Middlewares/Third_Party/FreeRTOS/Source/tasks.o
                0x08003c30                vTaskStartScheduler
 .text.vTaskSuspendAll
                0x08003ca4       0x10 ./Middlewares/Third_Party/FreeRTOS/Source/tasks.o
                0x08003ca4                vTaskSuspendAll
 .text.xTaskGetTickCount
                0x08003cb4        0xc ./Middlewares/Third_Party/FreeRTOS/Source/tasks.o
                0x08003cb4                xTaskGetTickCount
 .text.xTaskGetTickCountFromISR
                0x08003cc0        0xc ./Middlewares/Third_Party/FreeRTOS/Source/tasks.o
                0x08003cc0                xTaskGetTickCountFromISR
 .text.uxTaskGetNumberOfTasks
                0x08003ccc        0xc ./Middlewares/Third_Party/FreeRTOS/Source/tasks.o
                0x08003ccc                uxTaskGetNumberOfTasks
 .text.xTaskIncrementTick
                0x08003cd8      0x158 ./Middlewares/Third_Party/FreeRTOS/Source/tasks.o
                0x08003cd8                xTaskIncrementTick
 .text.xTaskResumeAll
                0x08003e30      0x10c ./Middlewares/Third_Party/FreeRTOS/Source/tasks.o
                0x08003e30                xTaskResumeAll
 .text.vTaskDelay
                0x08003f3c       0x34 ./Middlewares/Third_Party/FreeRTOS/Source/tasks.o
                0x08003f3c                vTaskDelay
 .text.vTaskSwitchContext
                0x08003f70       0x6c ./Middlewares/Third_Party/FreeRTOS/Source/tasks.o
                0x08003f70                vTaskSwitchContext
 .text.vTaskSuspend
                0x08003fdc       0x9c ./Middlewares/Third_Party/FreeRTOS/Source/tasks.o
                0x08003fdc                vTaskSuspend
 .text.vTaskPlaceOnEventList
                0x08004078       0x24 ./Middlewares/Third_Party/FreeRTOS/Source/tasks.o
                0x08004078                vTaskPlaceOnEventList
 .text.vTaskPlaceOnEventListRestricted
                0x0800409c       0x48 ./Middlewares/Third_Party/FreeRTOS/Source/tasks.o
                0x0800409c                vTaskPlaceOnEventListRestricted
 .text.xTaskRemoveFromEventList
                0x080040e4       0xbc ./Middlewares/Third_Party/FreeRTOS/Source/tasks.o
                0x080040e4                xTaskRemoveFromEventList
 .text.vTaskInternalSetTimeOutState
                0x080041a0       0x18 ./Middlewares/Third_Party/FreeRTOS/Source/tasks.o
                0x080041a0                vTaskInternalSetTimeOutState
 .text.xTaskCheckForTimeOut
                0x080041b8       0x60 ./Middlewares/Third_Party/FreeRTOS/Source/tasks.o
                0x080041b8                xTaskCheckForTimeOut
 .text.vTaskMissedYield
                0x08004218        0xc ./Middlewares/Third_Party/FreeRTOS/Source/tasks.o
                0x08004218                vTaskMissedYield
 .text.xTaskGetSchedulerState
                0x08004224       0x20 ./Middlewares/Third_Party/FreeRTOS/Source/tasks.o
                0x08004224                xTaskGetSchedulerState
 .text.xTaskPriorityDisinherit
                0x08004244       0x78 ./Middlewares/Third_Party/FreeRTOS/Source/tasks.o
                0x08004244                xTaskPriorityDisinherit
 .text.prvInsertTimerInActiveList
                0x080042bc       0x3c ./Middlewares/Third_Party/FreeRTOS/Source/timers.o
 .text.prvReloadTimer
                0x080042f8       0x28 ./Middlewares/Third_Party/FreeRTOS/Source/timers.o
 .text.prvProcessExpiredTimer
                0x08004320       0x3c ./Middlewares/Third_Party/FreeRTOS/Source/timers.o
 .text.prvSampleTimeNow
                0x0800435c       0x50 ./Middlewares/Third_Party/FreeRTOS/Source/timers.o
 .text.prvTimerTask
                0x080043ac      0x138 ./Middlewares/Third_Party/FreeRTOS/Source/timers.o
 .text.prvCheckForValidListAndQueue
                0x080044e4       0x68 ./Middlewares/Third_Party/FreeRTOS/Source/timers.o
 .text.xTimerCreateTimerTask
                0x0800454c       0x5c ./Middlewares/Third_Party/FreeRTOS/Source/timers.o
                0x0800454c                xTimerCreateTimerTask
 .text.prvTaskExitError
                0x080045a8       0x24 ./Middlewares/Third_Party/FreeRTOS/Source/portable/GCC/ARM_CM0/port.o
 *fill*         0x080045cc        0x4 
 .text.vPortStartFirstTask
                0x080045d0       0x34 ./Middlewares/Third_Party/FreeRTOS/Source/portable/GCC/ARM_CM0/port.o
 .text.pxPortInitialiseStack
                0x08004604       0x20 ./Middlewares/Third_Party/FreeRTOS/Source/portable/GCC/ARM_CM0/port.o
                0x08004604                pxPortInitialiseStack
 .text.SVC_Handler
                0x08004624        0x2 ./Middlewares/Third_Party/FreeRTOS/Source/portable/GCC/ARM_CM0/port.o
                0x08004624                SVC_Handler
 *fill*         0x08004626        0x2 
 .text.vPortYield
                0x08004628       0x18 ./Middlewares/Third_Party/FreeRTOS/Source/portable/GCC/ARM_CM0/port.o
                0x08004628                vPortYield
 .text.vPortEnterCritical
                0x08004640       0x18 ./Middlewares/Third_Party/FreeRTOS/Source/portable/GCC/ARM_CM0/port.o
                0x08004640                vPortEnterCritical
 .text.vPortExitCritical
                0x08004658       0x1c ./Middlewares/Third_Party/FreeRTOS/Source/portable/GCC/ARM_CM0/port.o
                0x08004658                vPortExitCritical
 .text.ulSetInterruptMaskFromISR
                0x08004674        0x8 ./Middlewares/Third_Party/FreeRTOS/Source/portable/GCC/ARM_CM0/port.o
                0x08004674                ulSetInterruptMaskFromISR
 .text.vClearInterruptMaskFromISR
                0x0800467c        0x6 ./Middlewares/Third_Party/FreeRTOS/Source/portable/GCC/ARM_CM0/port.o
                0x0800467c                vClearInterruptMaskFromISR
 *fill*         0x08004682        0xe 
 .text.PendSV_Handler
                0x08004690       0x44 ./Middlewares/Third_Party/FreeRTOS/Source/portable/GCC/ARM_CM0/port.o
                0x08004690                PendSV_Handler
 .text.xPortSysTickHandler
                0x080046d4       0x24 ./Middlewares/Third_Party/FreeRTOS/Source/portable/GCC/ARM_CM0/port.o
                0x080046d4                xPortSysTickHandler
 .text.vPortSetupTimerInterrupt
                0x080046f8       0x34 ./Middlewares/Third_Party/FreeRTOS/Source/portable/GCC/ARM_CM0/port.o
                0x080046f8                vPortSetupTimerInterrupt
 .text.xPortStartScheduler
                0x0800472c       0x3c ./Middlewares/Third_Party/FreeRTOS/Source/portable/GCC/ARM_CM0/port.o
                0x0800472c                xPortStartScheduler
 .text.pvPortMalloc
                0x08004768       0x60 ./Middlewares/Third_Party/FreeRTOS/Source/portable/MemMang/heap_1.o
                0x08004768                pvPortMalloc
 .text.vPortFree
                0x080047c8        0xa ./Middlewares/Third_Party/FreeRTOS/Source/portable/MemMang/heap_1.o
                0x080047c8                vPortFree
 .text.__itoa   0x080047d2       0x30 C:/ST/STM32CubeIDE_1.18.0/STM32CubeIDE/plugins/com.st.stm32cube.ide.mcu.externaltools.gnu-tools-for-stm32.13.3.rel1.win32_1.0.0.202411081344/tools/bin/../lib/gcc/arm-none-eabi/13.3.1/../../../../arm-none-eabi/lib/thumb/v6-m/nofp\libc_nano.a(libc_a-itoa.o)
                0x080047d2                __itoa
 .text.itoa     0x08004802        0x8 C:/ST/STM32CubeIDE_1.18.0/STM32CubeIDE/plugins/com.st.stm32cube.ide.mcu.externaltools.gnu-tools-for-stm32.13.3.rel1.win32_1.0.0.202411081344/tools/bin/../lib/gcc/arm-none-eabi/13.3.1/../../../../arm-none-eabi/lib/thumb/v6-m/nofp\libc_nano.a(libc_a-itoa.o)
                0x08004802                itoa
 *fill*         0x0800480a        0x2 
 .text.__utoa   0x0800480c       0x68 C:/ST/STM32CubeIDE_1.18.0/STM32CubeIDE/plugins/com.st.stm32cube.ide.mcu.externaltools.gnu-tools-for-stm32.13.3.rel1.win32_1.0.0.202411081344/tools/bin/../lib/gcc/arm-none-eabi/13.3.1/../../../../arm-none-eabi/lib/thumb/v6-m/nofp\libc_nano.a(libc_a-utoa.o)
                0x0800480c                __utoa
 .text.memset   0x08004874       0x10 C:/ST/STM32CubeIDE_1.18.0/STM32CubeIDE/plugins/com.st.stm32cube.ide.mcu.externaltools.gnu-tools-for-stm32.13.3.rel1.win32_1.0.0.202411081344/tools/bin/../lib/gcc/arm-none-eabi/13.3.1/../../../../arm-none-eabi/lib/thumb/v6-m/nofp\libc_nano.a(libc_a-memset.o)
                0x08004874                memset
 .text.strcat   0x08004884       0x1a C:/ST/STM32CubeIDE_1.18.0/STM32CubeIDE/plugins/com.st.stm32cube.ide.mcu.externaltools.gnu-tools-for-stm32.13.3.rel1.win32_1.0.0.202411081344/tools/bin/../lib/gcc/arm-none-eabi/13.3.1/../../../../arm-none-eabi/lib/thumb/v6-m/nofp\libc_nano.a(libc_a-strcat.o)
                0x08004884                strcat
 *fill*         0x0800489e        0x2 
 .text.__libc_init_array
                0x080048a0       0x48 C:/ST/STM32CubeIDE_1.18.0/STM32CubeIDE/plugins/com.st.stm32cube.ide.mcu.externaltools.gnu-tools-for-stm32.13.3.rel1.win32_1.0.0.202411081344/tools/bin/../lib/gcc/arm-none-eabi/13.3.1/../../../../arm-none-eabi/lib/thumb/v6-m/nofp\libc_nano.a(libc_a-init.o)
                0x080048a0                __libc_init_array
 .text.strcpy   0x080048e8       0x10 C:/ST/STM32CubeIDE_1.18.0/STM32CubeIDE/plugins/com.st.stm32cube.ide.mcu.externaltools.gnu-tools-for-stm32.13.3.rel1.win32_1.0.0.202411081344/tools/bin/../lib/gcc/arm-none-eabi/13.3.1/../../../../arm-none-eabi/lib/thumb/v6-m/nofp\libc_nano.a(libc_a-strcpy.o)
                0x080048e8                strcpy
 .text.memcpy   0x080048f8       0x12 C:/ST/STM32CubeIDE_1.18.0/STM32CubeIDE/plugins/com.st.stm32cube.ide.mcu.externaltools.gnu-tools-for-stm32.13.3.rel1.win32_1.0.0.202411081344/tools/bin/../lib/gcc/arm-none-eabi/13.3.1/../../../../arm-none-eabi/lib/thumb/v6-m/nofp\libc_nano.a(libc_a-memcpy-stub.o)
                0x080048f8                memcpy
 *(.glue_7)
 .glue_7        0x0800490a        0x0 linker stubs
 *(.glue_7t)
 .glue_7t       0x0800490a        0x0 linker stubs
 *(.eh_frame)
 *fill*         0x0800490a        0x2 
 .eh_frame      0x0800490c        0x0 C:/ST/STM32CubeIDE_1.18.0/STM32CubeIDE/plugins/com.st.stm32cube.ide.mcu.externaltools.gnu-tools-for-stm32.13.3.rel1.win32_1.0.0.202411081344/tools/bin/../lib/gcc/arm-none-eabi/13.3.1/thumb/v6-m/nofp/crtbegin.o
 *(.init)
 .init          0x0800490c        0x4 C:/ST/STM32CubeIDE_1.18.0/STM32CubeIDE/plugins/com.st.stm32cube.ide.mcu.externaltools.gnu-tools-for-stm32.13.3.rel1.win32_1.0.0.202411081344/tools/bin/../lib/gcc/arm-none-eabi/13.3.1/thumb/v6-m/nofp/crti.o
                0x0800490c                _init
 .init          0x08004910        0x8 C:/ST/STM32CubeIDE_1.18.0/STM32CubeIDE/plugins/com.st.stm32cube.ide.mcu.externaltools.gnu-tools-for-stm32.13.3.rel1.win32_1.0.0.202411081344/tools/bin/../lib/gcc/arm-none-eabi/13.3.1/thumb/v6-m/nofp/crtn.o
 *(.fini)
 .fini          0x08004918        0x4 C:/ST/STM32CubeIDE_1.18.0/STM32CubeIDE/plugins/com.st.stm32cube.ide.mcu.externaltools.gnu-tools-for-stm32.13.3.rel1.win32_1.0.0.202411081344/tools/bin/../lib/gcc/arm-none-eabi/13.3.1/thumb/v6-m/nofp/crti.o
                0x08004918                _fini
 .fini          0x0800491c        0x8 C:/ST/STM32CubeIDE_1.18.0/STM32CubeIDE/plugins/com.st.stm32cube.ide.mcu.externaltools.gnu-tools-for-stm32.13.3.rel1.win32_1.0.0.202411081344/tools/bin/../lib/gcc/arm-none-eabi/13.3.1/thumb/v6-m/nofp/crtn.o
                0x08004924                        . = ALIGN (0x4)
                0x08004924                        _etext = .

.vfp11_veneer   0x08004924        0x0
 .vfp11_veneer  0x08004924        0x0 linker stubs

.v4_bx          0x08004924        0x0
 .v4_bx         0x08004924        0x0 linker stubs

.iplt           0x08004924        0x0
 .iplt          0x08004924        0x0 C:/ST/STM32CubeIDE_1.18.0/STM32CubeIDE/plugins/com.st.stm32cube.ide.mcu.externaltools.gnu-tools-for-stm32.13.3.rel1.win32_1.0.0.202411081344/tools/bin/../lib/gcc/arm-none-eabi/13.3.1/thumb/v6-m/nofp/crtbegin.o

.rodata         0x08004924      0x110
                0x08004924                        . = ALIGN (0x4)
 *(.rodata)
 *(.rodata*)
 .rodata.str1.1
                0x08004924       0x5f ./Core/Src/app_freertos.o
                                  0xc (size before relaxing)
 *fill*         0x08004983        0x1 
 .rodata.defaultTask_attributes
                0x08004984       0x24 ./Core/Src/app_freertos.o
                0x08004984                defaultTask_attributes
 .rodata.RPM_Task.str1.1
                0x080049a8        0x9 ./Core/Src/main.o
 .rodata.main.str1.1
                0x080049a8       0x13 ./Core/Src/main.o
 .rodata.APBPrescTable
                0x080049a8       0x20 ./Core/Src/system_stm32c0xx.o
                0x080049a8                APBPrescTable
 .rodata.AHBPrescTable
                0x080049c8       0x40 ./Core/Src/system_stm32c0xx.o
                0x080049c8                AHBPrescTable
 .rodata.LED_PIN
                0x08004a08        0x4 ./Drivers/BSP/STM32C0xx_Nucleo/stm32c0xx_nucleo.o
 .rodata.LED_PORT
                0x08004a0c        0x8 ./Drivers/BSP/STM32C0xx_Nucleo/stm32c0xx_nucleo.o
 .rodata.CSWTCH.66
                0x08004a14        0x3 ./Drivers/STM32C0xx_HAL_Driver/Src/stm32c0xx_hal_uart.o
 *fill*         0x08004a17        0x1 
 .rodata.UARTPrescTable
                0x08004a18       0x18 ./Drivers/STM32C0xx_HAL_Driver/Src/stm32c0xx_hal_uart.o
                0x08004a18                UARTPrescTable
 .rodata.vTaskStartScheduler.str1.1
                0x08004a30        0x5 ./Middlewares/Third_Party/FreeRTOS/Source/tasks.o
 .rodata.uxTopUsedPriority
                0x08004a30        0x4 ./Middlewares/Third_Party/FreeRTOS/Source/tasks.o
                0x08004a30                uxTopUsedPriority
 .rodata.prvCheckForValidListAndQueue.str1.1
                0x08004a34        0x5 ./Middlewares/Third_Party/FreeRTOS/Source/timers.o
 .rodata.xTimerCreateTimerTask.str1.1
                0x08004a34        0x8 ./Middlewares/Third_Party/FreeRTOS/Source/timers.o
 .rodata.__utoa.str1.1
                0x08004a34       0x25 C:/ST/STM32CubeIDE_1.18.0/STM32CubeIDE/plugins/com.st.stm32cube.ide.mcu.externaltools.gnu-tools-for-stm32.13.3.rel1.win32_1.0.0.202411081344/tools/bin/../lib/gcc/arm-none-eabi/13.3.1/../../../../arm-none-eabi/lib/thumb/v6-m/nofp\libc_nano.a(libc_a-utoa.o)
                0x08004a5c                        . = ALIGN (0x4)

.ARM.extab      0x08004a34        0x0
                0x08004a34                        . = ALIGN (0x4)
 *(.ARM.extab* .gnu.linkonce.armextab.*)
                0x08004a34                        . = ALIGN (0x4)

.ARM            0x08004a34        0x0
                0x08004a34                        . = ALIGN (0x4)
                0x08004a34                        __exidx_start = .
 *(.ARM.exidx*)
                0x08004a34                        __exidx_end = .
                0x08004a34                        . = ALIGN (0x4)

.preinit_array  0x08004a34        0x0
                0x08004a34                        . = ALIGN (0x4)
                0x08004a34                        PROVIDE (__preinit_array_start = .)
 *(.preinit_array*)
                0x08004a34                        PROVIDE (__preinit_array_end = .)
                0x08004a34                        . = ALIGN (0x4)

.init_array     0x08004a34        0x4
                0x08004a34                        . = ALIGN (0x4)
                0x08004a34                        PROVIDE (__init_array_start = .)
 *(SORT_BY_NAME(.init_array.*))
 *(.init_array*)
 .init_array    0x08004a34        0x4 C:/ST/STM32CubeIDE_1.18.0/STM32CubeIDE/plugins/com.st.stm32cube.ide.mcu.externaltools.gnu-tools-for-stm32.13.3.rel1.win32_1.0.0.202411081344/tools/bin/../lib/gcc/arm-none-eabi/13.3.1/thumb/v6-m/nofp/crtbegin.o
                0x08004a38                        PROVIDE (__init_array_end = .)
                0x08004a38                        . = ALIGN (0x4)

.fini_array     0x08004a38        0x4
                0x08004a38                        . = ALIGN (0x4)
                [!provide]                        PROVIDE (__fini_array_start = .)
 *(SORT_BY_NAME(.fini_array.*))
 *(.fini_array*)
 .fini_array    0x08004a38        0x4 C:/ST/STM32CubeIDE_1.18.0/STM32CubeIDE/plugins/com.st.stm32cube.ide.mcu.externaltools.gnu-tools-for-stm32.13.3.rel1.win32_1.0.0.202411081344/tools/bin/../lib/gcc/arm-none-eabi/13.3.1/thumb/v6-m/nofp/crtbegin.o
                [!provide]                        PROVIDE (__fini_array_end = .)
                0x08004a3c                        . = ALIGN (0x4)
                0x08004a3c                        _sidata = LOADADDR (.data)

.rel.dyn        0x08004a3c        0x0
 .rel.iplt      0x08004a3c        0x0 C:/ST/STM32CubeIDE_1.18.0/STM32CubeIDE/plugins/com.st.stm32cube.ide.mcu.externaltools.gnu-tools-for-stm32.13.3.rel1.win32_1.0.0.202411081344/tools/bin/../lib/gcc/arm-none-eabi/13.3.1/thumb/v6-m/nofp/crtbegin.o

.data           0x20000000       0x10 load address 0x08004a3c
                0x20000000                        . = ALIGN (0x4)
                0x20000000                        _sdata = .
 *(.data)
 *(.data*)
 .data.SystemCoreClock
                0x20000000        0x4 ./Core/Src/system_stm32c0xx.o
                0x20000000                SystemCoreClock
 .data.uwTickFreq
                0x20000004        0x1 ./Drivers/STM32C0xx_HAL_Driver/Src/stm32c0xx_hal.o
                0x20000004                uwTickFreq
 *fill*         0x20000005        0x3 
 .data.uwTickPrio
                0x20000008        0x4 ./Drivers/STM32C0xx_HAL_Driver/Src/stm32c0xx_hal.o
                0x20000008                uwTickPrio
 .data.uxCriticalNesting
                0x2000000c        0x4 ./Middlewares/Third_Party/FreeRTOS/Source/portable/GCC/ARM_CM0/port.o
 *(.RamFunc)
 *(.RamFunc*)
                0x20000010                        . = ALIGN (0x4)
                0x20000010                        _edata = .

.igot.plt       0x20000010        0x0 load address 0x08004a4c
 .igot.plt      0x20000010        0x0 C:/ST/STM32CubeIDE_1.18.0/STM32CubeIDE/plugins/com.st.stm32cube.ide.mcu.externaltools.gnu-tools-for-stm32.13.3.rel1.win32_1.0.0.202411081344/tools/bin/../lib/gcc/arm-none-eabi/13.3.1/thumb/v6-m/nofp/crtbegin.o
                0x20000010                        . = ALIGN (0x4)

.bss            0x20000010     0x1cfc load address 0x08004a4c
                0x20000010                        _sbss = .
                0x20000010                        __bss_start__ = _sbss
 *(.bss)
 .bss           0x20000010       0x1c C:/ST/STM32CubeIDE_1.18.0/STM32CubeIDE/plugins/com.st.stm32cube.ide.mcu.externaltools.gnu-tools-for-stm32.13.3.rel1.win32_1.0.0.202411081344/tools/bin/../lib/gcc/arm-none-eabi/13.3.1/thumb/v6-m/nofp/crtbegin.o
 *(.bss*)
 .bss.defaultTaskHandle
                0x2000002c        0x4 ./Core/Src/app_freertos.o
                0x2000002c                defaultTaskHandle
 .bss.rpm       0x20000030        0x4 ./Core/Src/main.o
                0x20000030                rpm
 .bss.commandQueue
                0x20000034        0x4 ./Core/Src/main.o
                0x20000034                commandQueue
 .bss.rx_char   0x20000038        0x1 ./Core/Src/main.o
                0x20000038                rx_char
 *fill*         0x20000039        0x3 
 .bss.pulseQueue
                0x2000003c        0x4 ./Core/Src/main.o
                0x2000003c                pulseQueue
 .bss.CommandQueue_Status
                0x20000040        0x4 ./Core/Src/main.o
                0x20000040                CommandQueue_Status
 .bss.PulseQueue_Status
                0x20000044        0x4 ./Core/Src/main.o
                0x20000044                PulseQueue_Status
 .bss.UART_rx_status
                0x20000048        0x1 ./Core/Src/main.o
                0x20000048                UART_rx_status
 *fill*         0x20000049        0x3 
 .bss.status_update
                0x2000004c        0x4 ./Core/Src/main.o
                0x2000004c                status_update
 .bss.status_rpm
                0x20000050        0x4 ./Core/Src/main.o
                0x20000050                status_rpm
 .bss.statusUART
                0x20000054        0x1 ./Core/Src/main.o
                0x20000054                statusUART
 *fill*         0x20000055        0x3 
 .bss.huart2    0x20000058       0x94 ./Core/Src/main.o
                0x20000058                huart2
 .bss.htim3     0x200000ec       0x4c ./Core/Src/main.o
                0x200000ec                htim3
 .bss.htim1     0x20000138       0x4c ./Core/Src/main.o
                0x20000138                htim1
 .bss.htim14    0x20000184       0x4c ./Core/Src/stm32c0xx_hal_timebase_tim.o
                0x20000184                htim14
 .bss.hpb_exti  0x200001d0        0xc ./Drivers/BSP/STM32C0xx_Nucleo/stm32c0xx_nucleo.o
                0x200001d0                hpb_exti
 .bss.uwTick    0x200001dc        0x4 ./Drivers/STM32C0xx_HAL_Driver/Src/stm32c0xx_hal.o
                0x200001dc                uwTick
 .bss.Timer_Stack.0
                0x200001e0      0x200 ./Middlewares/Third_Party/FreeRTOS/Source/CMSIS_RTOS_V2/cmsis_os2.o
 .bss.Timer_TCB.1
                0x200003e0       0x5c ./Middlewares/Third_Party/FreeRTOS/Source/CMSIS_RTOS_V2/cmsis_os2.o
 .bss.Idle_Stack.2
                0x2000043c      0x200 ./Middlewares/Third_Party/FreeRTOS/Source/CMSIS_RTOS_V2/cmsis_os2.o
 .bss.Idle_TCB.3
                0x2000063c       0x5c ./Middlewares/Third_Party/FreeRTOS/Source/CMSIS_RTOS_V2/cmsis_os2.o
 .bss.KernelState
                0x20000698        0x4 ./Middlewares/Third_Party/FreeRTOS/Source/CMSIS_RTOS_V2/cmsis_os2.o
 .bss.xQueueRegistry
                0x2000069c       0x40 ./Middlewares/Third_Party/FreeRTOS/Source/queue.o
                0x2000069c                xQueueRegistry
 .bss.uxSchedulerSuspended
                0x200006dc        0x4 ./Middlewares/Third_Party/FreeRTOS/Source/tasks.o
 .bss.xNextTaskUnblockTime
                0x200006e0        0x4 ./Middlewares/Third_Party/FreeRTOS/Source/tasks.o
 .bss.uxTaskNumber
                0x200006e4        0x4 ./Middlewares/Third_Party/FreeRTOS/Source/tasks.o
 .bss.xNumOfOverflows
                0x200006e8        0x4 ./Middlewares/Third_Party/FreeRTOS/Source/tasks.o
 .bss.xYieldPending
                0x200006ec        0x4 ./Middlewares/Third_Party/FreeRTOS/Source/tasks.o
 .bss.xPendedTicks
                0x200006f0        0x4 ./Middlewares/Third_Party/FreeRTOS/Source/tasks.o
 .bss.xSchedulerRunning
                0x200006f4        0x4 ./Middlewares/Third_Party/FreeRTOS/Source/tasks.o
 .bss.uxTopReadyPriority
                0x200006f8        0x4 ./Middlewares/Third_Party/FreeRTOS/Source/tasks.o
 .bss.xTickCount
                0x200006fc        0x4 ./Middlewares/Third_Party/FreeRTOS/Source/tasks.o
 .bss.uxCurrentNumberOfTasks
                0x20000700        0x4 ./Middlewares/Third_Party/FreeRTOS/Source/tasks.o
 .bss.xSuspendedTaskList
                0x20000704       0x14 ./Middlewares/Third_Party/FreeRTOS/Source/tasks.o
 .bss.uxDeletedTasksWaitingCleanUp
                0x20000718        0x4 ./Middlewares/Third_Party/FreeRTOS/Source/tasks.o
 .bss.xTasksWaitingTermination
                0x2000071c       0x14 ./Middlewares/Third_Party/FreeRTOS/Source/tasks.o
 .bss.xPendingReadyList
                0x20000730       0x14 ./Middlewares/Third_Party/FreeRTOS/Source/tasks.o
 .bss.pxOverflowDelayedTaskList
                0x20000744        0x4 ./Middlewares/Third_Party/FreeRTOS/Source/tasks.o
 .bss.pxDelayedTaskList
                0x20000748        0x4 ./Middlewares/Third_Party/FreeRTOS/Source/tasks.o
 .bss.xDelayedTaskList2
                0x2000074c       0x14 ./Middlewares/Third_Party/FreeRTOS/Source/tasks.o
 .bss.xDelayedTaskList1
                0x20000760       0x14 ./Middlewares/Third_Party/FreeRTOS/Source/tasks.o
 .bss.pxReadyTasksLists
                0x20000774      0x460 ./Middlewares/Third_Party/FreeRTOS/Source/tasks.o
 .bss.pxCurrentTCB
                0x20000bd4        0x4 ./Middlewares/Third_Party/FreeRTOS/Source/tasks.o
                0x20000bd4                pxCurrentTCB
 .bss.xStaticTimerQueue.0
                0x20000bd8       0x50 ./Middlewares/Third_Party/FreeRTOS/Source/timers.o
 .bss.ucStaticTimerQueueStorage.1
                0x20000c28       0xa0 ./Middlewares/Third_Party/FreeRTOS/Source/timers.o
 .bss.xLastTime.2
                0x20000cc8        0x4 ./Middlewares/Third_Party/FreeRTOS/Source/timers.o
 .bss.xTimerTaskHandle
                0x20000ccc        0x4 ./Middlewares/Third_Party/FreeRTOS/Source/timers.o
 .bss.xTimerQueue
                0x20000cd0        0x4 ./Middlewares/Third_Party/FreeRTOS/Source/timers.o
 .bss.pxOverflowTimerList
                0x20000cd4        0x4 ./Middlewares/Third_Party/FreeRTOS/Source/timers.o
 .bss.pxCurrentTimerList
                0x20000cd8        0x4 ./Middlewares/Third_Party/FreeRTOS/Source/timers.o
 .bss.xActiveTimerList2
                0x20000cdc       0x14 ./Middlewares/Third_Party/FreeRTOS/Source/timers.o
 .bss.xActiveTimerList1
                0x20000cf0       0x14 ./Middlewares/Third_Party/FreeRTOS/Source/timers.o
 .bss.pucAlignedHeap.0
                0x20000d04        0x4 ./Middlewares/Third_Party/FreeRTOS/Source/portable/MemMang/heap_1.o
 .bss.xNextFreeByte
                0x20000d08        0x4 ./Middlewares/Third_Party/FreeRTOS/Source/portable/MemMang/heap_1.o
 .bss.ucHeap    0x20000d0c     0x1000 ./Middlewares/Third_Party/FreeRTOS/Source/portable/MemMang/heap_1.o
 *(COMMON)
                0x20001d0c                        . = ALIGN (0x4)
                0x20001d0c                        _ebss = .
                0x20001d0c                        __bss_end__ = _ebss

._user_heap_stack
                0x20001d0c      0x604 load address 0x08004a4c
                0x20001d10                        . = ALIGN (0x8)
 *fill*         0x20001d0c        0x4 
                [!provide]                        PROVIDE (end = .)
                0x20001d10                        PROVIDE (_end = .)
                0x20001f10                        . = (. + _Min_Heap_Size)
 *fill*         0x20001d10      0x200 
                0x20002310                        . = (. + _Min_Stack_Size)
 *fill*         0x20001f10      0x400 
                0x20002310                        . = ALIGN (0x8)

/DISCARD/
 libc.a(*)
 libm.a(*)
 libgcc.a(*)

.ARM.attributes
                0x00000000       0x28
 *(.ARM.attributes)
 .ARM.attributes
                0x00000000       0x1e C:/ST/STM32CubeIDE_1.18.0/STM32CubeIDE/plugins/com.st.stm32cube.ide.mcu.externaltools.gnu-tools-for-stm32.13.3.rel1.win32_1.0.0.202411081344/tools/bin/../lib/gcc/arm-none-eabi/13.3.1/thumb/v6-m/nofp/crti.o
 .ARM.attributes
                0x0000001e       0x2c C:/ST/STM32CubeIDE_1.18.0/STM32CubeIDE/plugins/com.st.stm32cube.ide.mcu.externaltools.gnu-tools-for-stm32.13.3.rel1.win32_1.0.0.202411081344/tools/bin/../lib/gcc/arm-none-eabi/13.3.1/thumb/v6-m/nofp/crtbegin.o
 .ARM.attributes
                0x0000004a       0x2c ./Core/Src/app_freertos.o
 .ARM.attributes
                0x00000076       0x2c ./Core/Src/main.o
 .ARM.attributes
                0x000000a2       0x2c ./Core/Src/stm32c0xx_hal_msp.o
 .ARM.attributes
                0x000000ce       0x2c ./Core/Src/stm32c0xx_hal_timebase_tim.o
 .ARM.attributes
                0x000000fa       0x2c ./Core/Src/stm32c0xx_it.o
 .ARM.attributes
                0x00000126       0x2c ./Core/Src/system_stm32c0xx.o
 .ARM.attributes
                0x00000152       0x22 ./Core/Startup/startup_stm32c031c6tx.o
 .ARM.attributes
                0x00000174       0x2c ./Drivers/BSP/STM32C0xx_Nucleo/stm32c0xx_nucleo.o
 .ARM.attributes
                0x000001a0       0x2c ./Drivers/STM32C0xx_HAL_Driver/Src/stm32c0xx_hal.o
 .ARM.attributes
                0x000001cc       0x2c ./Drivers/STM32C0xx_HAL_Driver/Src/stm32c0xx_hal_cortex.o
 .ARM.attributes
                0x000001f8       0x2c ./Drivers/STM32C0xx_HAL_Driver/Src/stm32c0xx_hal_dma.o
 .ARM.attributes
                0x00000224       0x2c ./Drivers/STM32C0xx_HAL_Driver/Src/stm32c0xx_hal_exti.o
 .ARM.attributes
                0x00000250       0x2c ./Drivers/STM32C0xx_HAL_Driver/Src/stm32c0xx_hal_gpio.o
 .ARM.attributes
                0x0000027c       0x2c ./Drivers/STM32C0xx_HAL_Driver/Src/stm32c0xx_hal_rcc.o
 .ARM.attributes
                0x000002a8       0x2c ./Drivers/STM32C0xx_HAL_Driver/Src/stm32c0xx_hal_tim.o
 .ARM.attributes
                0x000002d4       0x2c ./Drivers/STM32C0xx_HAL_Driver/Src/stm32c0xx_hal_tim_ex.o
 .ARM.attributes
                0x00000300       0x2c ./Drivers/STM32C0xx_HAL_Driver/Src/stm32c0xx_hal_uart.o
 .ARM.attributes
                0x0000032c       0x2c ./Drivers/STM32C0xx_HAL_Driver/Src/stm32c0xx_hal_uart_ex.o
 .ARM.attributes
                0x00000358       0x2c ./Middlewares/Third_Party/FreeRTOS/Source/CMSIS_RTOS_V2/cmsis_os2.o
 .ARM.attributes
                0x00000384       0x2c ./Middlewares/Third_Party/FreeRTOS/Source/list.o
 .ARM.attributes
                0x000003b0       0x2c ./Middlewares/Third_Party/FreeRTOS/Source/queue.o
 .ARM.attributes
                0x000003dc       0x2c ./Middlewares/Third_Party/FreeRTOS/Source/tasks.o
 .ARM.attributes
                0x00000408       0x2c ./Middlewares/Third_Party/FreeRTOS/Source/timers.o
 .ARM.attributes
                0x00000434       0x2c ./Middlewares/Third_Party/FreeRTOS/Source/portable/GCC/ARM_CM0/port.o
 .ARM.attributes
                0x00000460       0x2c ./Middlewares/Third_Party/FreeRTOS/Source/portable/MemMang/heap_1.o
 .ARM.attributes
                0x0000048c       0x2c C:/ST/STM32CubeIDE_1.18.0/STM32CubeIDE/plugins/com.st.stm32cube.ide.mcu.externaltools.gnu-tools-for-stm32.13.3.rel1.win32_1.0.0.202411081344/tools/bin/../lib/gcc/arm-none-eabi/13.3.1/../../../../arm-none-eabi/lib/thumb/v6-m/nofp\libc_nano.a(libc_a-itoa.o)
 .ARM.attributes
                0x000004b8       0x2c C:/ST/STM32CubeIDE_1.18.0/STM32CubeIDE/plugins/com.st.stm32cube.ide.mcu.externaltools.gnu-tools-for-stm32.13.3.rel1.win32_1.0.0.202411081344/tools/bin/../lib/gcc/arm-none-eabi/13.3.1/../../../../arm-none-eabi/lib/thumb/v6-m/nofp\libc_nano.a(libc_a-utoa.o)
 .ARM.attributes
                0x000004e4       0x2c C:/ST/STM32CubeIDE_1.18.0/STM32CubeIDE/plugins/com.st.stm32cube.ide.mcu.externaltools.gnu-tools-for-stm32.13.3.rel1.win32_1.0.0.202411081344/tools/bin/../lib/gcc/arm-none-eabi/13.3.1/../../../../arm-none-eabi/lib/thumb/v6-m/nofp\libc_nano.a(libc_a-memset.o)
 .ARM.attributes
                0x00000510       0x2c C:/ST/STM32CubeIDE_1.18.0/STM32CubeIDE/plugins/com.st.stm32cube.ide.mcu.externaltools.gnu-tools-for-stm32.13.3.rel1.win32_1.0.0.202411081344/tools/bin/../lib/gcc/arm-none-eabi/13.3.1/../../../../arm-none-eabi/lib/thumb/v6-m/nofp\libc_nano.a(libc_a-strcat.o)
 .ARM.attributes
                0x0000053c       0x2c C:/ST/STM32CubeIDE_1.18.0/STM32CubeIDE/plugins/com.st.stm32cube.ide.mcu.externaltools.gnu-tools-for-stm32.13.3.rel1.win32_1.0.0.202411081344/tools/bin/../lib/gcc/arm-none-eabi/13.3.1/../../../../arm-none-eabi/lib/thumb/v6-m/nofp\libc_nano.a(libc_a-init.o)
 .ARM.attributes
                0x00000568       0x2c C:/ST/STM32CubeIDE_1.18.0/STM32CubeIDE/plugins/com.st.stm32cube.ide.mcu.externaltools.gnu-tools-for-stm32.13.3.rel1.win32_1.0.0.202411081344/tools/bin/../lib/gcc/arm-none-eabi/13.3.1/../../../../arm-none-eabi/lib/thumb/v6-m/nofp\libc_nano.a(libc_a-strcpy.o)
 .ARM.attributes
                0x00000594       0x2c C:/ST/STM32CubeIDE_1.18.0/STM32CubeIDE/plugins/com.st.stm32cube.ide.mcu.externaltools.gnu-tools-for-stm32.13.3.rel1.win32_1.0.0.202411081344/tools/bin/../lib/gcc/arm-none-eabi/13.3.1/../../../../arm-none-eabi/lib/thumb/v6-m/nofp\libc_nano.a(libc_a-memcpy-stub.o)
 .ARM.attributes
                0x000005c0       0x1c C:/ST/STM32CubeIDE_1.18.0/STM32CubeIDE/plugins/com.st.stm32cube.ide.mcu.externaltools.gnu-tools-for-stm32.13.3.rel1.win32_1.0.0.202411081344/tools/bin/../lib/gcc/arm-none-eabi/13.3.1/../../../../arm-none-eabi/lib/thumb/v6-m/nofp\libc_nano.a(libc_a-strlen.o)
 .ARM.attributes
                0x000005dc       0x1e C:/ST/STM32CubeIDE_1.18.0/STM32CubeIDE/plugins/com.st.stm32cube.ide.mcu.externaltools.gnu-tools-for-stm32.13.3.rel1.win32_1.0.0.202411081344/tools/bin/../lib/gcc/arm-none-eabi/13.3.1/thumb/v6-m/nofp\libgcc.a(_thumb1_case_uqi.o)
 .ARM.attributes
                0x000005fa       0x1e C:/ST/STM32CubeIDE_1.18.0/STM32CubeIDE/plugins/com.st.stm32cube.ide.mcu.externaltools.gnu-tools-for-stm32.13.3.rel1.win32_1.0.0.202411081344/tools/bin/../lib/gcc/arm-none-eabi/13.3.1/thumb/v6-m/nofp\libgcc.a(_udivsi3.o)
 .ARM.attributes
                0x00000618       0x1e C:/ST/STM32CubeIDE_1.18.0/STM32CubeIDE/plugins/com.st.stm32cube.ide.mcu.externaltools.gnu-tools-for-stm32.13.3.rel1.win32_1.0.0.202411081344/tools/bin/../lib/gcc/arm-none-eabi/13.3.1/thumb/v6-m/nofp\libgcc.a(_dvmd_tls.o)
 .ARM.attributes
                0x00000636       0x1e C:/ST/STM32CubeIDE_1.18.0/STM32CubeIDE/plugins/com.st.stm32cube.ide.mcu.externaltools.gnu-tools-for-stm32.13.3.rel1.win32_1.0.0.202411081344/tools/bin/../lib/gcc/arm-none-eabi/13.3.1/thumb/v6-m/nofp/crtn.o
OUTPUT(speed control.elf elf32-littlearm)
LOAD linker stubs
LOAD C:/ST/STM32CubeIDE_1.18.0/STM32CubeIDE/plugins/com.st.stm32cube.ide.mcu.externaltools.gnu-tools-for-stm32.13.3.rel1.win32_1.0.0.202411081344/tools/bin/../lib/gcc/arm-none-eabi/13.3.1/../../../../arm-none-eabi/lib/thumb/v6-m/nofp\libc.a
LOAD C:/ST/STM32CubeIDE_1.18.0/STM32CubeIDE/plugins/com.st.stm32cube.ide.mcu.externaltools.gnu-tools-for-stm32.13.3.rel1.win32_1.0.0.202411081344/tools/bin/../lib/gcc/arm-none-eabi/13.3.1/../../../../arm-none-eabi/lib/thumb/v6-m/nofp\libm.a
LOAD C:/ST/STM32CubeIDE_1.18.0/STM32CubeIDE/plugins/com.st.stm32cube.ide.mcu.externaltools.gnu-tools-for-stm32.13.3.rel1.win32_1.0.0.202411081344/tools/bin/../lib/gcc/arm-none-eabi/13.3.1/thumb/v6-m/nofp\libgcc.a

.debug_info     0x00000000    0x22766
 .debug_info    0x00000000      0x3cd ./Core/Src/app_freertos.o
 .debug_info    0x000003cd     0x2379 ./Core/Src/main.o
 .debug_info    0x00002746     0x11d7 ./Core/Src/stm32c0xx_hal_msp.o
 .debug_info    0x0000391d      0xb89 ./Core/Src/stm32c0xx_hal_timebase_tim.o
 .debug_info    0x000044a6      0xbd3 ./Core/Src/stm32c0xx_it.o
 .debug_info    0x00005079      0x37f ./Core/Src/system_stm32c0xx.o
 .debug_info    0x000053f8       0x30 ./Core/Startup/startup_stm32c031c6tx.o
 .debug_info    0x00005428      0xd27 ./Drivers/BSP/STM32C0xx_Nucleo/stm32c0xx_nucleo.o
 .debug_info    0x0000614f      0x95c ./Drivers/STM32C0xx_HAL_Driver/Src/stm32c0xx_hal.o
 .debug_info    0x00006aab      0xa0a ./Drivers/STM32C0xx_HAL_Driver/Src/stm32c0xx_hal_cortex.o
 .debug_info    0x000074b5      0x9fc ./Drivers/STM32C0xx_HAL_Driver/Src/stm32c0xx_hal_dma.o
 .debug_info    0x00007eb1      0x70c ./Drivers/STM32C0xx_HAL_Driver/Src/stm32c0xx_hal_exti.o
 .debug_info    0x000085bd      0x613 ./Drivers/STM32C0xx_HAL_Driver/Src/stm32c0xx_hal_gpio.o
 .debug_info    0x00008bd0      0xb19 ./Drivers/STM32C0xx_HAL_Driver/Src/stm32c0xx_hal_rcc.o
 .debug_info    0x000096e9     0x434e ./Drivers/STM32C0xx_HAL_Driver/Src/stm32c0xx_hal_tim.o
 .debug_info    0x0000da37     0x1d31 ./Drivers/STM32C0xx_HAL_Driver/Src/stm32c0xx_hal_tim_ex.o
 .debug_info    0x0000f768     0x6110 ./Drivers/STM32C0xx_HAL_Driver/Src/stm32c0xx_hal_uart.o
 .debug_info    0x00015878     0x1260 ./Drivers/STM32C0xx_HAL_Driver/Src/stm32c0xx_hal_uart_ex.o
 .debug_info    0x00016ad8     0x443f ./Middlewares/Third_Party/FreeRTOS/Source/CMSIS_RTOS_V2/cmsis_os2.o
 .debug_info    0x0001af17      0x2c3 ./Middlewares/Third_Party/FreeRTOS/Source/list.o
 .debug_info    0x0001b1da     0x24e1 ./Middlewares/Third_Party/FreeRTOS/Source/queue.o
 .debug_info    0x0001d6bb     0x3172 ./Middlewares/Third_Party/FreeRTOS/Source/tasks.o
 .debug_info    0x0002082d     0x1a73 ./Middlewares/Third_Party/FreeRTOS/Source/timers.o
 .debug_info    0x000222a0      0x300 ./Middlewares/Third_Party/FreeRTOS/Source/portable/GCC/ARM_CM0/port.o
 .debug_info    0x000225a0      0x1c6 ./Middlewares/Third_Party/FreeRTOS/Source/portable/MemMang/heap_1.o

.debug_abbrev   0x00000000     0x463e
 .debug_abbrev  0x00000000      0x162 ./Core/Src/app_freertos.o
 .debug_abbrev  0x00000162      0x3ef ./Core/Src/main.o
 .debug_abbrev  0x00000551      0x235 ./Core/Src/stm32c0xx_hal_msp.o
 .debug_abbrev  0x00000786      0x26b ./Core/Src/stm32c0xx_hal_timebase_tim.o
 .debug_abbrev  0x000009f1      0x1b7 ./Core/Src/stm32c0xx_it.o
 .debug_abbrev  0x00000ba8      0x12e ./Core/Src/system_stm32c0xx.o
 .debug_abbrev  0x00000cd6       0x24 ./Core/Startup/startup_stm32c031c6tx.o
 .debug_abbrev  0x00000cfa      0x355 ./Drivers/BSP/STM32C0xx_Nucleo/stm32c0xx_nucleo.o
 .debug_abbrev  0x0000104f      0x38e ./Drivers/STM32C0xx_HAL_Driver/Src/stm32c0xx_hal.o
 .debug_abbrev  0x000013dd      0x2d7 ./Drivers/STM32C0xx_HAL_Driver/Src/stm32c0xx_hal_cortex.o
 .debug_abbrev  0x000016b4      0x253 ./Drivers/STM32C0xx_HAL_Driver/Src/stm32c0xx_hal_dma.o
 .debug_abbrev  0x00001907      0x183 ./Drivers/STM32C0xx_HAL_Driver/Src/stm32c0xx_hal_exti.o
 .debug_abbrev  0x00001a8a      0x25c ./Drivers/STM32C0xx_HAL_Driver/Src/stm32c0xx_hal_gpio.o
 .debug_abbrev  0x00001ce6      0x35c ./Drivers/STM32C0xx_HAL_Driver/Src/stm32c0xx_hal_rcc.o
 .debug_abbrev  0x00002042      0x3b4 ./Drivers/STM32C0xx_HAL_Driver/Src/stm32c0xx_hal_tim.o
 .debug_abbrev  0x000023f6      0x323 ./Drivers/STM32C0xx_HAL_Driver/Src/stm32c0xx_hal_tim_ex.o
 .debug_abbrev  0x00002719      0x431 ./Drivers/STM32C0xx_HAL_Driver/Src/stm32c0xx_hal_uart.o
 .debug_abbrev  0x00002b4a      0x34a ./Drivers/STM32C0xx_HAL_Driver/Src/stm32c0xx_hal_uart_ex.o
 .debug_abbrev  0x00002e94      0x594 ./Middlewares/Third_Party/FreeRTOS/Source/CMSIS_RTOS_V2/cmsis_os2.o
 .debug_abbrev  0x00003428      0x10c ./Middlewares/Third_Party/FreeRTOS/Source/list.o
 .debug_abbrev  0x00003534      0x491 ./Middlewares/Third_Party/FreeRTOS/Source/queue.o
 .debug_abbrev  0x000039c5      0x4cd ./Middlewares/Third_Party/FreeRTOS/Source/tasks.o
 .debug_abbrev  0x00003e92      0x48d ./Middlewares/Third_Party/FreeRTOS/Source/timers.o
 .debug_abbrev  0x0000431f      0x1dc ./Middlewares/Third_Party/FreeRTOS/Source/portable/GCC/ARM_CM0/port.o
 .debug_abbrev  0x000044fb      0x143 ./Middlewares/Third_Party/FreeRTOS/Source/portable/MemMang/heap_1.o

.debug_loclists
                0x00000000     0xfc48
 .debug_loclists
                0x00000000       0x29 ./Core/Src/app_freertos.o
 .debug_loclists
                0x00000029      0x12c ./Core/Src/main.o
 .debug_loclists
                0x00000155       0xb2 ./Core/Src/stm32c0xx_hal_msp.o
 .debug_loclists
                0x00000207       0x92 ./Core/Src/stm32c0xx_hal_timebase_tim.o
 .debug_loclists
                0x00000299       0x37 ./Core/Src/system_stm32c0xx.o
 .debug_loclists
                0x000002d0      0x2f4 ./Drivers/BSP/STM32C0xx_Nucleo/stm32c0xx_nucleo.o
 .debug_loclists
                0x000005c4      0x17b ./Drivers/STM32C0xx_HAL_Driver/Src/stm32c0xx_hal.o
 .debug_loclists
                0x0000073f      0x355 ./Drivers/STM32C0xx_HAL_Driver/Src/stm32c0xx_hal_cortex.o
 .debug_loclists
                0x00000a94      0x5e3 ./Drivers/STM32C0xx_HAL_Driver/Src/stm32c0xx_hal_dma.o
 .debug_loclists
                0x00001077      0x68b ./Drivers/STM32C0xx_HAL_Driver/Src/stm32c0xx_hal_exti.o
 .debug_loclists
                0x00001702      0x2ce ./Drivers/STM32C0xx_HAL_Driver/Src/stm32c0xx_hal_gpio.o
 .debug_loclists
                0x000019d0      0x3fd ./Drivers/STM32C0xx_HAL_Driver/Src/stm32c0xx_hal_rcc.o
 .debug_loclists
                0x00001dcd     0x39dd ./Drivers/STM32C0xx_HAL_Driver/Src/stm32c0xx_hal_tim.o
 .debug_loclists
                0x000057aa     0x134b ./Drivers/STM32C0xx_HAL_Driver/Src/stm32c0xx_hal_tim_ex.o
 .debug_loclists
                0x00006af5     0x29f6 ./Drivers/STM32C0xx_HAL_Driver/Src/stm32c0xx_hal_uart.o
 .debug_loclists
                0x000094eb      0x79d ./Drivers/STM32C0xx_HAL_Driver/Src/stm32c0xx_hal_uart_ex.o
 .debug_loclists
                0x00009c88     0x23e1 ./Middlewares/Third_Party/FreeRTOS/Source/CMSIS_RTOS_V2/cmsis_os2.o
 .debug_loclists
                0x0000c069       0x88 ./Middlewares/Third_Party/FreeRTOS/Source/list.o
 .debug_loclists
                0x0000c0f1     0x156d ./Middlewares/Third_Party/FreeRTOS/Source/queue.o
 .debug_loclists
                0x0000d65e     0x1a32 ./Middlewares/Third_Party/FreeRTOS/Source/tasks.o
 .debug_loclists
                0x0000f090      0xaf6 ./Middlewares/Third_Party/FreeRTOS/Source/timers.o
 .debug_loclists
                0x0000fb86       0x86 ./Middlewares/Third_Party/FreeRTOS/Source/portable/GCC/ARM_CM0/port.o
 .debug_loclists
                0x0000fc0c       0x3c ./Middlewares/Third_Party/FreeRTOS/Source/portable/MemMang/heap_1.o

.debug_aranges  0x00000000     0x1568
 .debug_aranges
                0x00000000       0x28 ./Core/Src/app_freertos.o
 .debug_aranges
                0x00000028       0x58 ./Core/Src/main.o
 .debug_aranges
                0x00000080       0x58 ./Core/Src/stm32c0xx_hal_msp.o
 .debug_aranges
                0x000000d8       0x30 ./Core/Src/stm32c0xx_hal_timebase_tim.o
 .debug_aranges
                0x00000108       0x48 ./Core/Src/stm32c0xx_it.o
 .debug_aranges
                0x00000150       0x28 ./Core/Src/system_stm32c0xx.o
 .debug_aranges
                0x00000178       0x28 ./Core/Startup/startup_stm32c031c6tx.o
 .debug_aranges
                0x000001a0       0x90 ./Drivers/BSP/STM32C0xx_Nucleo/stm32c0xx_nucleo.o
 .debug_aranges
                0x00000230       0xf0 ./Drivers/STM32C0xx_HAL_Driver/Src/stm32c0xx_hal.o
 .debug_aranges
                0x00000320       0xa0 ./Drivers/STM32C0xx_HAL_Driver/Src/stm32c0xx_hal_cortex.o
 .debug_aranges
                0x000003c0       0x88 ./Drivers/STM32C0xx_HAL_Driver/Src/stm32c0xx_hal_dma.o
 .debug_aranges
                0x00000448       0x60 ./Drivers/STM32C0xx_HAL_Driver/Src/stm32c0xx_hal_exti.o
 .debug_aranges
                0x000004a8       0x68 ./Drivers/STM32C0xx_HAL_Driver/Src/stm32c0xx_hal_gpio.o
 .debug_aranges
                0x00000510       0x90 ./Drivers/STM32C0xx_HAL_Driver/Src/stm32c0xx_hal_rcc.o
 .debug_aranges
                0x000005a0      0x3b0 ./Drivers/STM32C0xx_HAL_Driver/Src/stm32c0xx_hal_tim.o
 .debug_aranges
                0x00000950      0x198 ./Drivers/STM32C0xx_HAL_Driver/Src/stm32c0xx_hal_tim_ex.o
 .debug_aranges
                0x00000ae8      0x248 ./Drivers/STM32C0xx_HAL_Driver/Src/stm32c0xx_hal_uart.o
 .debug_aranges
                0x00000d30       0xa0 ./Drivers/STM32C0xx_HAL_Driver/Src/stm32c0xx_hal_uart_ex.o
 .debug_aranges
                0x00000dd0      0x278 ./Middlewares/Third_Party/FreeRTOS/Source/CMSIS_RTOS_V2/cmsis_os2.o
 .debug_aranges
                0x00001048       0x40 ./Middlewares/Third_Party/FreeRTOS/Source/list.o
 .debug_aranges
                0x00001088      0x150 ./Middlewares/Third_Party/FreeRTOS/Source/queue.o
 .debug_aranges
                0x000011d8      0x1f0 ./Middlewares/Third_Party/FreeRTOS/Source/tasks.o
 .debug_aranges
                0x000013c8       0xe0 ./Middlewares/Third_Party/FreeRTOS/Source/timers.o
 .debug_aranges
                0x000014a8       0x88 ./Middlewares/Third_Party/FreeRTOS/Source/portable/GCC/ARM_CM0/port.o
 .debug_aranges
                0x00001530       0x38 ./Middlewares/Third_Party/FreeRTOS/Source/portable/MemMang/heap_1.o

.debug_rnglists
                0x00000000     0x1724
 .debug_rnglists
                0x00000000       0x19 ./Core/Src/app_freertos.o
 .debug_rnglists
                0x00000019       0x92 ./Core/Src/main.o
 .debug_rnglists
                0x000000ab       0xaf ./Core/Src/stm32c0xx_hal_msp.o
 .debug_rnglists
                0x0000015a       0x35 ./Core/Src/stm32c0xx_hal_timebase_tim.o
 .debug_rnglists
                0x0000018f       0x31 ./Core/Src/stm32c0xx_it.o
 .debug_rnglists
                0x000001c0       0x19 ./Core/Src/system_stm32c0xx.o
 .debug_rnglists
                0x000001d9       0x19 ./Core/Startup/startup_stm32c031c6tx.o
 .debug_rnglists
                0x000001f2       0x83 ./Drivers/BSP/STM32C0xx_Nucleo/stm32c0xx_nucleo.o
 .debug_rnglists
                0x00000275       0xbb ./Drivers/STM32C0xx_HAL_Driver/Src/stm32c0xx_hal.o
 .debug_rnglists
                0x00000330       0xa3 ./Drivers/STM32C0xx_HAL_Driver/Src/stm32c0xx_hal_cortex.o
 .debug_rnglists
                0x000003d3       0x72 ./Drivers/STM32C0xx_HAL_Driver/Src/stm32c0xx_hal_dma.o
 .debug_rnglists
                0x00000445       0x46 ./Drivers/STM32C0xx_HAL_Driver/Src/stm32c0xx_hal_exti.o
 .debug_rnglists
                0x0000048b       0x4b ./Drivers/STM32C0xx_HAL_Driver/Src/stm32c0xx_hal_gpio.o
 .debug_rnglists
                0x000004d6       0x82 ./Drivers/STM32C0xx_HAL_Driver/Src/stm32c0xx_hal_rcc.o
 .debug_rnglists
                0x00000558      0x416 ./Drivers/STM32C0xx_HAL_Driver/Src/stm32c0xx_hal_tim.o
 .debug_rnglists
                0x0000096e      0x139 ./Drivers/STM32C0xx_HAL_Driver/Src/stm32c0xx_hal_tim_ex.o
 .debug_rnglists
                0x00000aa7      0x337 ./Drivers/STM32C0xx_HAL_Driver/Src/stm32c0xx_hal_uart.o
 .debug_rnglists
                0x00000dde       0xa6 ./Drivers/STM32C0xx_HAL_Driver/Src/stm32c0xx_hal_uart_ex.o
 .debug_rnglists
                0x00000e84      0x231 ./Middlewares/Third_Party/FreeRTOS/Source/CMSIS_RTOS_V2/cmsis_os2.o
 .debug_rnglists
                0x000010b5       0x2b ./Middlewares/Third_Party/FreeRTOS/Source/list.o
 .debug_rnglists
                0x000010e0      0x1da ./Middlewares/Third_Party/FreeRTOS/Source/queue.o
 .debug_rnglists
                0x000012ba      0x2d3 ./Middlewares/Third_Party/FreeRTOS/Source/tasks.o
 .debug_rnglists
                0x0000158d      0x111 ./Middlewares/Third_Party/FreeRTOS/Source/timers.o
 .debug_rnglists
                0x0000169e       0x61 ./Middlewares/Third_Party/FreeRTOS/Source/portable/GCC/ARM_CM0/port.o
 .debug_rnglists
                0x000016ff       0x25 ./Middlewares/Third_Party/FreeRTOS/Source/portable/MemMang/heap_1.o

.debug_macro    0x00000000    0x16447
 .debug_macro   0x00000000      0x294 ./Core/Src/app_freertos.o
 .debug_macro   0x00000294      0xaba ./Core/Src/app_freertos.o
 .debug_macro   0x00000d4e      0x190 ./Core/Src/app_freertos.o
 .debug_macro   0x00000ede       0x22 ./Core/Src/app_freertos.o
 .debug_macro   0x00000f00       0x8e ./Core/Src/app_freertos.o
 .debug_macro   0x00000f8e       0x51 ./Core/Src/app_freertos.o
 .debug_macro   0x00000fdf      0x103 ./Core/Src/app_freertos.o
 .debug_macro   0x000010e2       0x6a ./Core/Src/app_freertos.o
 .debug_macro   0x0000114c      0x1df ./Core/Src/app_freertos.o
 .debug_macro   0x0000132b       0x16 ./Core/Src/app_freertos.o
 .debug_macro   0x00001341      0x16a ./Core/Src/app_freertos.o
 .debug_macro   0x000014ab       0x16 ./Core/Src/app_freertos.o
 .debug_macro   0x000014c1      0x179 ./Core/Src/app_freertos.o
 .debug_macro   0x0000163a       0xc6 ./Core/Src/app_freertos.o
 .debug_macro   0x00001700       0x22 ./Core/Src/app_freertos.o
 .debug_macro   0x00001722       0x1f ./Core/Src/app_freertos.o
 .debug_macro   0x00001741       0x12 ./Core/Src/app_freertos.o
 .debug_macro   0x00001753      0x4df ./Core/Src/app_freertos.o
 .debug_macro   0x00001c32       0xc3 ./Core/Src/app_freertos.o
 .debug_macro   0x00001cf5      0x12c ./Core/Src/app_freertos.o
 .debug_macro   0x00001e21       0x2e ./Core/Src/app_freertos.o
 .debug_macro   0x00001e4f       0x28 ./Core/Src/app_freertos.o
 .debug_macro   0x00001e77       0x1c ./Core/Src/app_freertos.o
 .debug_macro   0x00001e93       0x22 ./Core/Src/app_freertos.o
 .debug_macro   0x00001eb5       0xd1 ./Core/Src/app_freertos.o
 .debug_macro   0x00001f86      0x4da ./Core/Src/app_freertos.o
 .debug_macro   0x00002460      0x11f ./Core/Src/app_freertos.o
 .debug_macro   0x0000257f     0x93cf ./Core/Src/app_freertos.o
 .debug_macro   0x0000b94e       0x6d ./Core/Src/app_freertos.o
 .debug_macro   0x0000b9bb      0x175 ./Core/Src/app_freertos.o
 .debug_macro   0x0000bb30       0xe9 ./Core/Src/app_freertos.o
 .debug_macro   0x0000bc19     0x3440 ./Core/Src/app_freertos.o
 .debug_macro   0x0000f059       0x5b ./Core/Src/app_freertos.o
 .debug_macro   0x0000f0b4      0x366 ./Core/Src/app_freertos.o
 .debug_macro   0x0000f41a      0xb47 ./Core/Src/app_freertos.o
 .debug_macro   0x0000ff61      0x145 ./Core/Src/app_freertos.o
 .debug_macro   0x000100a6      0x15f ./Core/Src/app_freertos.o
 .debug_macro   0x00010205      0x19d ./Core/Src/app_freertos.o
 .debug_macro   0x000103a2      0x264 ./Core/Src/app_freertos.o
 .debug_macro   0x00010606      0x17e ./Core/Src/app_freertos.o
 .debug_macro   0x00010784       0x43 ./Core/Src/app_freertos.o
 .debug_macro   0x000107c7      0x1f1 ./Core/Src/app_freertos.o
 .debug_macro   0x000109b8      0x1b1 ./Core/Src/app_freertos.o
 .debug_macro   0x00010b69      0x37c ./Core/Src/app_freertos.o
 .debug_macro   0x00010ee5       0x28 ./Core/Src/app_freertos.o
 .debug_macro   0x00010f0d       0xb3 ./Core/Src/app_freertos.o
 .debug_macro   0x00010fc0      0x104 ./Core/Src/app_freertos.o
 .debug_macro   0x000110c4       0xf6 ./Core/Src/app_freertos.o
 .debug_macro   0x000111ba      0xaa6 ./Core/Src/app_freertos.o
 .debug_macro   0x00011c60       0xd9 ./Core/Src/app_freertos.o
 .debug_macro   0x00011d39      0x67e ./Core/Src/app_freertos.o
 .debug_macro   0x000123b7       0xa6 ./Core/Src/app_freertos.o
 .debug_macro   0x0001245d      0x3a9 ./Core/Src/app_freertos.o
 .debug_macro   0x00012806       0x22 ./Core/Src/app_freertos.o
 .debug_macro   0x00012828       0x52 ./Core/Src/app_freertos.o
 .debug_macro   0x0001287a       0xa5 ./Core/Src/app_freertos.o
 .debug_macro   0x0001291f       0x34 ./Core/Src/app_freertos.o
 .debug_macro   0x00012953       0x74 ./Core/Src/app_freertos.o
 .debug_macro   0x000129c7      0x2e1 ./Core/Src/main.o
 .debug_macro   0x00012ca8       0x61 ./Core/Src/main.o
 .debug_macro   0x00012d09       0x24 ./Core/Src/main.o
 .debug_macro   0x00012d2d       0x43 ./Core/Src/main.o
 .debug_macro   0x00012d70       0x34 ./Core/Src/main.o
 .debug_macro   0x00012da4      0x370 ./Core/Src/main.o
 .debug_macro   0x00013114       0x16 ./Core/Src/main.o
 .debug_macro   0x0001312a       0x4a ./Core/Src/main.o
 .debug_macro   0x00013174       0x34 ./Core/Src/main.o
 .debug_macro   0x000131a8       0x10 ./Core/Src/main.o
 .debug_macro   0x000131b8       0x58 ./Core/Src/main.o
 .debug_macro   0x00013210       0x8e ./Core/Src/main.o
 .debug_macro   0x0001329e       0x1c ./Core/Src/main.o
 .debug_macro   0x000132ba      0x185 ./Core/Src/main.o
 .debug_macro   0x0001343f       0x10 ./Core/Src/main.o
 .debug_macro   0x0001344f       0x3c ./Core/Src/main.o
 .debug_macro   0x0001348b       0x20 ./Core/Src/main.o
 .debug_macro   0x000134ab      0x200 ./Core/Src/stm32c0xx_hal_msp.o
 .debug_macro   0x000136ab      0x1d0 ./Core/Src/stm32c0xx_hal_timebase_tim.o
 .debug_macro   0x0001387b      0x20a ./Core/Src/stm32c0xx_it.o
 .debug_macro   0x00013a85      0x1d6 ./Core/Src/system_stm32c0xx.o
 .debug_macro   0x00013c5b      0x1fd ./Drivers/BSP/STM32C0xx_Nucleo/stm32c0xx_nucleo.o
 .debug_macro   0x00013e58       0x1c ./Drivers/BSP/STM32C0xx_Nucleo/stm32c0xx_nucleo.o
 .debug_macro   0x00013e74      0x1ee ./Drivers/STM32C0xx_HAL_Driver/Src/stm32c0xx_hal.o
 .debug_macro   0x00014062      0x1d0 ./Drivers/STM32C0xx_HAL_Driver/Src/stm32c0xx_hal_cortex.o
 .debug_macro   0x00014232      0x1d0 ./Drivers/STM32C0xx_HAL_Driver/Src/stm32c0xx_hal_dma.o
 .debug_macro   0x00014402      0x1dc ./Drivers/STM32C0xx_HAL_Driver/Src/stm32c0xx_hal_exti.o
 .debug_macro   0x000145de      0x205 ./Drivers/STM32C0xx_HAL_Driver/Src/stm32c0xx_hal_gpio.o
 .debug_macro   0x000147e3      0x200 ./Drivers/STM32C0xx_HAL_Driver/Src/stm32c0xx_hal_rcc.o
 .debug_macro   0x000149e3      0x1d8 ./Drivers/STM32C0xx_HAL_Driver/Src/stm32c0xx_hal_tim.o
 .debug_macro   0x00014bbb      0x1d6 ./Drivers/STM32C0xx_HAL_Driver/Src/stm32c0xx_hal_tim_ex.o
 .debug_macro   0x00014d91      0x1ed ./Drivers/STM32C0xx_HAL_Driver/Src/stm32c0xx_hal_uart.o
 .debug_macro   0x00014f7e      0x1dc ./Drivers/STM32C0xx_HAL_Driver/Src/stm32c0xx_hal_uart_ex.o
 .debug_macro   0x0001515a      0x3c6 ./Middlewares/Third_Party/FreeRTOS/Source/CMSIS_RTOS_V2/cmsis_os2.o
 .debug_macro   0x00015520       0x91 ./Middlewares/Third_Party/FreeRTOS/Source/CMSIS_RTOS_V2/cmsis_os2.o
 .debug_macro   0x000155b1       0x23 ./Middlewares/Third_Party/FreeRTOS/Source/CMSIS_RTOS_V2/cmsis_os2.o
 .debug_macro   0x000155d4       0x94 ./Middlewares/Third_Party/FreeRTOS/Source/CMSIS_RTOS_V2/cmsis_os2.o
 .debug_macro   0x00015668       0xa8 ./Middlewares/Third_Party/FreeRTOS/Source/CMSIS_RTOS_V2/cmsis_os2.o
 .debug_macro   0x00015710       0x22 ./Middlewares/Third_Party/FreeRTOS/Source/CMSIS_RTOS_V2/cmsis_os2.o
 .debug_macro   0x00015732       0x55 ./Middlewares/Third_Party/FreeRTOS/Source/CMSIS_RTOS_V2/cmsis_os2.o
 .debug_macro   0x00015787      0x1a2 ./Middlewares/Third_Party/FreeRTOS/Source/list.o
 .debug_macro   0x00015929      0x239 ./Middlewares/Third_Party/FreeRTOS/Source/queue.o
 .debug_macro   0x00015b62       0x16 ./Middlewares/Third_Party/FreeRTOS/Source/queue.o
 .debug_macro   0x00015b78       0x8e ./Middlewares/Third_Party/FreeRTOS/Source/queue.o
 .debug_macro   0x00015c06      0x28e ./Middlewares/Third_Party/FreeRTOS/Source/tasks.o
 .debug_macro   0x00015e94       0x17 ./Middlewares/Third_Party/FreeRTOS/Source/tasks.o
 .debug_macro   0x00015eab      0x1f1 ./Middlewares/Third_Party/FreeRTOS/Source/timers.o
 .debug_macro   0x0001609c       0x97 ./Middlewares/Third_Party/FreeRTOS/Source/timers.o
 .debug_macro   0x00016133      0x15d ./Middlewares/Third_Party/FreeRTOS/Source/portable/GCC/ARM_CM0/port.o
 .debug_macro   0x00016290      0x1b7 ./Middlewares/Third_Party/FreeRTOS/Source/portable/MemMang/heap_1.o

.debug_line     0x00000000    0x210bd
 .debug_line    0x00000000      0x96f ./Core/Src/app_freertos.o
 .debug_line    0x0000096f      0xf55 ./Core/Src/main.o
 .debug_line    0x000018c4      0xa03 ./Core/Src/stm32c0xx_hal_msp.o
 .debug_line    0x000022c7      0x84f ./Core/Src/stm32c0xx_hal_timebase_tim.o
 .debug_line    0x00002b16      0x88b ./Core/Src/stm32c0xx_it.o
 .debug_line    0x000033a1      0x7d6 ./Core/Src/system_stm32c0xx.o
 .debug_line    0x00003b77       0x7d ./Core/Startup/startup_stm32c031c6tx.o
 .debug_line    0x00003bf4      0xb63 ./Drivers/BSP/STM32C0xx_Nucleo/stm32c0xx_nucleo.o
 .debug_line    0x00004757      0xbe6 ./Drivers/STM32C0xx_HAL_Driver/Src/stm32c0xx_hal.o
 .debug_line    0x0000533d      0xc8c ./Drivers/STM32C0xx_HAL_Driver/Src/stm32c0xx_hal_cortex.o
 .debug_line    0x00005fc9     0x111d ./Drivers/STM32C0xx_HAL_Driver/Src/stm32c0xx_hal_dma.o
 .debug_line    0x000070e6      0xda5 ./Drivers/STM32C0xx_HAL_Driver/Src/stm32c0xx_hal_exti.o
 .debug_line    0x00007e8b      0xcd3 ./Drivers/STM32C0xx_HAL_Driver/Src/stm32c0xx_hal_gpio.o
 .debug_line    0x00008b5e     0x1182 ./Drivers/STM32C0xx_HAL_Driver/Src/stm32c0xx_hal_rcc.o
 .debug_line    0x00009ce0     0x4d94 ./Drivers/STM32C0xx_HAL_Driver/Src/stm32c0xx_hal_tim.o
 .debug_line    0x0000ea74     0x1dc8 ./Drivers/STM32C0xx_HAL_Driver/Src/stm32c0xx_hal_tim_ex.o
 .debug_line    0x0001083c     0x5308 ./Drivers/STM32C0xx_HAL_Driver/Src/stm32c0xx_hal_uart.o
 .debug_line    0x00015b44     0x10e7 ./Drivers/STM32C0xx_HAL_Driver/Src/stm32c0xx_hal_uart_ex.o
 .debug_line    0x00016c2b     0x2e28 ./Middlewares/Third_Party/FreeRTOS/Source/CMSIS_RTOS_V2/cmsis_os2.o
 .debug_line    0x00019a53      0x860 ./Middlewares/Third_Party/FreeRTOS/Source/list.o
 .debug_line    0x0001a2b3     0x1ef9 ./Middlewares/Third_Party/FreeRTOS/Source/queue.o
 .debug_line    0x0001c1ac     0x2ea4 ./Middlewares/Third_Party/FreeRTOS/Source/tasks.o
 .debug_line    0x0001f050     0x1113 ./Middlewares/Third_Party/FreeRTOS/Source/timers.o
 .debug_line    0x00020163      0x7bb ./Middlewares/Third_Party/FreeRTOS/Source/portable/GCC/ARM_CM0/port.o
 .debug_line    0x0002091e      0x79f ./Middlewares/Third_Party/FreeRTOS/Source/portable/MemMang/heap_1.o

.debug_str      0x00000000    0x8afcf
 .debug_str     0x00000000    0x8afcf ./Core/Src/app_freertos.o
                              0x7e082 (size before relaxing)
 .debug_str     0x0008afcf    0x7d5b9 ./Core/Src/main.o
 .debug_str     0x0008afcf    0x795ed ./Core/Src/stm32c0xx_hal_msp.o
 .debug_str     0x0008afcf    0x78ca2 ./Core/Src/stm32c0xx_hal_timebase_tim.o
 .debug_str     0x0008afcf    0x79332 ./Core/Src/stm32c0xx_it.o
 .debug_str     0x0008afcf    0x78459 ./Core/Src/system_stm32c0xx.o
 .debug_str     0x0008afcf       0x94 ./Core/Startup/startup_stm32c031c6tx.o
 .debug_str     0x0008afcf    0x78fae ./Drivers/BSP/STM32C0xx_Nucleo/stm32c0xx_nucleo.o
 .debug_str     0x0008afcf    0x78a5d ./Drivers/STM32C0xx_HAL_Driver/Src/stm32c0xx_hal.o
 .debug_str     0x0008afcf    0x78872 ./Drivers/STM32C0xx_HAL_Driver/Src/stm32c0xx_hal_cortex.o
 .debug_str     0x0008afcf    0x788de ./Drivers/STM32C0xx_HAL_Driver/Src/stm32c0xx_hal_dma.o
 .debug_str     0x0008afcf    0x785d5 ./Drivers/STM32C0xx_HAL_Driver/Src/stm32c0xx_hal_exti.o
 .debug_str     0x0008afcf    0x78651 ./Drivers/STM32C0xx_HAL_Driver/Src/stm32c0xx_hal_gpio.o
 .debug_str     0x0008afcf    0x78a44 ./Drivers/STM32C0xx_HAL_Driver/Src/stm32c0xx_hal_rcc.o
 .debug_str     0x0008afcf    0x79981 ./Drivers/STM32C0xx_HAL_Driver/Src/stm32c0xx_hal_tim.o
 .debug_str     0x0008afcf    0x7930f ./Drivers/STM32C0xx_HAL_Driver/Src/stm32c0xx_hal_tim_ex.o
 .debug_str     0x0008afcf    0x793b7 ./Drivers/STM32C0xx_HAL_Driver/Src/stm32c0xx_hal_uart.o
 .debug_str     0x0008afcf    0x78cdf ./Drivers/STM32C0xx_HAL_Driver/Src/stm32c0xx_hal_uart_ex.o
 .debug_str     0x0008afcf    0x8411d ./Middlewares/Third_Party/FreeRTOS/Source/CMSIS_RTOS_V2/cmsis_os2.o
 .debug_str     0x0008afcf     0xb12b ./Middlewares/Third_Party/FreeRTOS/Source/list.o
 .debug_str     0x0008afcf     0xdbc0 ./Middlewares/Third_Party/FreeRTOS/Source/queue.o
 .debug_str     0x0008afcf     0xe3dc ./Middlewares/Third_Party/FreeRTOS/Source/tasks.o
 .debug_str     0x0008afcf     0xde77 ./Middlewares/Third_Party/FreeRTOS/Source/timers.o
 .debug_str     0x0008afcf     0x958f ./Middlewares/Third_Party/FreeRTOS/Source/portable/GCC/ARM_CM0/port.o
 .debug_str     0x0008afcf     0xc3b4 ./Middlewares/Third_Party/FreeRTOS/Source/portable/MemMang/heap_1.o

.comment        0x00000000       0x43
 .comment       0x00000000       0x43 ./Core/Src/app_freertos.o
                                 0x44 (size before relaxing)
 .comment       0x00000043       0x44 ./Core/Src/main.o
 .comment       0x00000043       0x44 ./Core/Src/stm32c0xx_hal_msp.o
 .comment       0x00000043       0x44 ./Core/Src/stm32c0xx_hal_timebase_tim.o
 .comment       0x00000043       0x44 ./Core/Src/stm32c0xx_it.o
 .comment       0x00000043       0x44 ./Core/Src/system_stm32c0xx.o
 .comment       0x00000043       0x44 ./Drivers/BSP/STM32C0xx_Nucleo/stm32c0xx_nucleo.o
 .comment       0x00000043       0x44 ./Drivers/STM32C0xx_HAL_Driver/Src/stm32c0xx_hal.o
 .comment       0x00000043       0x44 ./Drivers/STM32C0xx_HAL_Driver/Src/stm32c0xx_hal_cortex.o
 .comment       0x00000043       0x44 ./Drivers/STM32C0xx_HAL_Driver/Src/stm32c0xx_hal_dma.o
 .comment       0x00000043       0x44 ./Drivers/STM32C0xx_HAL_Driver/Src/stm32c0xx_hal_exti.o
 .comment       0x00000043       0x44 ./Drivers/STM32C0xx_HAL_Driver/Src/stm32c0xx_hal_gpio.o
 .comment       0x00000043       0x44 ./Drivers/STM32C0xx_HAL_Driver/Src/stm32c0xx_hal_rcc.o
 .comment       0x00000043       0x44 ./Drivers/STM32C0xx_HAL_Driver/Src/stm32c0xx_hal_tim.o
 .comment       0x00000043       0x44 ./Drivers/STM32C0xx_HAL_Driver/Src/stm32c0xx_hal_tim_ex.o