../Core/Src/main.c:53:6:TIM1_CC_IRQHandler	8	static
../Core/Src/main.c:70:6:RPM_Task	48	static
../Core/Src/main.c:90:6:Command_Task	16	static
../Core/Src/main.c:112:5:main	16	static
../Core/Src/main.c:198:6:SystemClock_Config	64	static
../Core/Src/main.c:235:13:MX_TIM1_Init	40	static
../Core/Src/main.c:287:13:MX_TIM3_Init	48	static
../Core/Src/main.c:336:13:MX_USART1_UART_Init	8	static
../Core/Src/main.c:384:13:MX_GPIO_Init	24	static
../Core/Src/main.c:412:6:HAL_TIM_PeriodElapsedCallback	16	static
../Core/Src/main.c:430:6:Error_Handler	8	static,ignoring_inline_asm
