../Core/Src/stm32c0xx_hal_msp.c:65:6:HAL_MspInit	16	static
../Core/Src/stm32c0xx_hal_msp.c:90:6:HAL_TIM_IC_MspInit	40	static
../Core/Src/stm32c0xx_hal_msp.c:129:6:HAL_TIM_PWM_MspInit	8	static
../Core/Src/stm32c0xx_hal_msp.c:146:6:HAL_TIM_MspPostInit	32	static
../Core/Src/stm32c0xx_hal_msp.c:178:6:HAL_TIM_IC_MspDeInit	8	static
../Core/Src/stm32c0xx_hal_msp.c:208:6:HAL_TIM_PWM_MspDeInit	0	static
../Core/Src/stm32c0xx_hal_msp.c:230:6:HAL_UART_MspInit	40	static
../Core/Src/stm32c0xx_hal_msp.c:270:6:HAL_UART_MspDeInit	8	static
